CONFIG N=21 M=13 seed=99989 restarts=150 steps=3000 weight=2 mode=full domain=624
BEST score=43700 bad=3538 support=9 run=0 step=0 moves=0 evaluations=0 ms=1 seq=1,5,25,125,1,5,25,125,1,5,25,125,1,5,25,125,319,282,548,315,508 spectrum=7:96,8:336,9:1220,10:480,11:424,12:766,13:216,14:100,15:16,16:64
BEST score=25096 bad=2584 support=9 run=0 step=1 moves=1 evaluations=620 ms=3 seq=1,5,25,125,1,5,25,125,1,5,25,125,1,5,25,125,36,282,548,315,508 spectrum=7:36,8:184,9:724,10:166,11:604,12:706,13:164,14:504,15:32,16:24
BEST score=9492 bad=1303 support=9 run=0 step=2 moves=2 evaluations=1240 ms=3 seq=1,5,25,125,1,5,25,125,1,5,25,125,1,5,25,125,36,233,548,315,508 spectrum=6:1,7:16,8:40,9:232,10:176,11:292,12:226,13:320,14:412,15:102,16:256
BEST score=8064 bad=1376 support=9 run=0 step=3 moves=3 evaluations=1861 ms=5 seq=1,5,25,125,1,5,25,125,233,5,25,125,1,5,25,125,36,233,548,315,508 spectrum=7:8,8:28,9:208,10:126,11:338,12:300,13:368,14:138,15:32,16:128,17:192
BEST score=6643 bad=1339 support=9 run=0 step=9 moves=9 evaluations=5589 ms=6 seq=1,5,25,125,1,5,25,233,233,5,25,125,1,5,25,125,36,233,548,315,6 spectrum=7:6,8:27,9:79,10:174,11:435,12:381,13:237,14:354,15:120,16:90
BEST score=3450 bad=576 support=9 run=0 step=10 moves=10 evaluations=6212 ms=6 seq=1,5,25,125,1,5,548,233,233,5,25,125,1,5,25,125,36,233,548,315,6 spectrum=7:9,8:21,9:30,10:87,11:147,12:156,13:126,14:177,15:63,16:72,17:27,19:12
BEST score=3193 bad=1195 support=12 run=0 step=46 moves=46 evaluations=28648 ms=8 seq=1,5,25,125,1,6,526,233,233,548,25,1,1,5,47,130,42,233,233,337,6 spectrum=6:4,8:5,9:10,10:32,11:210,12:331,13:603,14:380,15:318,16:136,17:16,18:18
BEST score=2928 bad=1185 support=13 run=0 step=49 moves=49 evaluations=30515 ms=8 seq=1,5,25,125,1,6,526,233,233,548,25,1,1,5,47,130,42,233,233,337,341 spectrum=6:4,8:5,9:11,10:17,11:172,12:280,13:696,14:496,15:403,16:98,17:20,18:1
BEST score=2807 bad=745 support=13 run=0 step=56 moves=56 evaluations=34877 ms=9 seq=1,5,25,125,1,341,526,233,233,548,25,234,1,5,47,130,42,233,233,337,5 spectrum=5:1,6:1,7:6,8:21,9:12,10:21,11:44,12:192,13:447,14:532,15:391,16:143,17:36,18:1
BEST score=2669 bad=770 support=13 run=0 step=60 moves=60 evaluations=37371 ms=9 seq=1,5,25,125,1,238,526,233,233,548,25,234,1,5,47,130,42,233,233,337,238 spectrum=5:1,6:1,7:6,8:19,9:5,10:17,11:53,12:197,13:471,14:570,15:397,16:152,17:26,18:2
BEST score=2617 bad=521 support=15 run=0 step=66 moves=66 evaluations=41110 ms=10 seq=1,5,25,125,239,238,526,233,233,548,567,234,1,5,47,130,41,233,233,337,1 spectrum=5:2,7:6,8:16,9:15,10:29,11:47,12:143,13:263,14:306,15:288,16:157,17:67,18:12,19:1
BEST score=1978 bad=471 support=14 run=0 step=68 moves=68 evaluations=42356 ms=10 seq=1,5,25,125,239,238,526,233,233,548,567,234,1,5,47,130,41,233,233,234,1 spectrum=5:3,8:8,9:5,10:24,11:44,12:119,13:268,14:343,15:302,16:179,17:74,18:25,19:3
BEST score=1969 bad=323 support=13 run=0 step=76 moves=76 evaluations=47341 ms=11 seq=1,5,25,125,239,341,448,233,233,1,567,234,1,5,46,130,41,233,233,234,1 spectrum=6:4,8:18,9:6,10:26,11:68,12:104,13:97,14:172,15:172,16:184,17:49,18:9,19:1
BEST score=1878 bad=273 support=13 run=0 step=77 moves=77 evaluations=47963 ms=11 seq=1,5,25,125,239,341,448,233,233,1,567,234,1,5,238,130,41,233,233,234,1 spectrum=5:1,8:24,9:20,10:16,11:38,12:80,13:94,14:50,15:46,16:128,17:60,18:10
BEST score=1746 bad=279 support=12 run=0 step=80 moves=80 evaluations=49830 ms=11 seq=1,5,25,125,239,341,341,233,233,1,567,234,1,5,238,130,41,233,233,234,1 spectrum=5:1,8:16,9:20,10:16,11:72,12:88,13:66,14:70,15:126,16:212,17:78,18:10
BEST score=1703 bad=269 support=12 run=0 step=82 moves=82 evaluations=51075 ms=12 seq=1,5,25,125,239,341,341,233,233,1,45,234,1,5,238,130,41,233,233,234,1 spectrum=5:1,8:16,9:21,10:8,11:72,12:96,13:55,14:86,15:278,16:232,17:66,18:4
BEST score=1700 bad=389 support=12 run=0 step=113 moves=113 evaluations=70376 ms=14 seq=1,5,25,125,239,341,341,233,233,1,562,234,1,238,238,130,357,233,233,234,1 spectrum=8:16,9:5,10:28,11:132,12:148,13:60,14:210,15:294,16:72,17:13,18:4
BEST score=1624 bad=351 support=12 run=0 step=114 moves=114 evaluations=70998 ms=14 seq=1,5,25,125,239,341,341,233,233,1,562,234,1,238,238,130,46,233,233,234,1 spectrum=8:16,9:7,10:24,11:120,12:144,13:40,14:52,15:220,16:260,17:89,18:4
BEST score=1068 bad=463 support=13 run=0 step=115 moves=115 evaluations=71620 ms=14 seq=1,5,25,125,239,341,341,233,233,1,562,234,1,238,238,130,46,233,233,129,1 spectrum=9:14,10:16,11:62,12:97,13:274,14:349,15:372,16:212,17:67,18:14
BEST score=1010 bad=211 support=12 run=1 step=1175 moves=4155 evaluations=2588967 ms=242 seq=1,5,25,125,295,505,25,605,51,605,126,605,225,51,1,506,25,150,505,25,605 spectrum=8:16,9:7,10:6,11:28,12:72,13:82,14:178,15:292,16:268,17:142,18:11,19:1
BEST score=978 bad=274 support=11 run=1 step=1193 moves=4173 evaluations=2600174 ms=243 seq=1,5,25,125,295,51,25,605,51,605,126,605,125,51,1,506,25,150,505,25,605 spectrum=8:4,9:8,10:24,11:78,12:58,13:102,14:298,15:430,16:298,17:93,18:3
BEST score=946 bad=205 support=11 run=1 step=1197 moves=4177 evaluations=2602665 ms=244 seq=1,5,25,125,295,51,25,605,51,605,80,605,125,51,1,506,25,150,505,25,605 spectrum=5:1,8:4,9:6,11:72,12:56,13:66,14:181,15:260,16:382,17:86,18:17
BEST score=933 bad=444 support=11 run=1 step=1232 moves=4212 evaluations=2624457 ms=246 seq=1,5,25,125,295,51,25,605,51,605,80,505,1,51,125,506,25,176,605,25,605 spectrum=9:9,10:8,11:70,12:88,13:269,14:814,15:414,16:350,17:53,18:4
BEST score=850 bad=378 support=12 run=3 step=2038 moves=10988 evaluations=6845518 ms=613 seq=1,5,25,125,431,66,66,454,85,66,285,85,325,325,85,266,266,431,85,289,66 spectrum=8:1,9:5,10:12,11:60,12:102,13:198,14:590,15:618,16:265,17:67,18:2
BEST score=822 bad=457 support=11 run=4 step=245 moves=12189 evaluations=7593707 ms=677 seq=1,5,25,125,289,189,189,592,145,506,189,472,592,189,125,289,472,496,472,472,5 spectrum=9:4,10:4,11:44,12:145,13:260,14:469,15:670,16:404,17:45
BEST score=793 bad=399 support=12 run=4 step=248 moves=12192 evaluations=7595574 ms=678 seq=1,5,25,125,289,189,189,592,145,506,189,472,592,189,125,289,472,496,472,472,313 spectrum=9:6,11:54,12:142,13:197,14:296,15:426,16:349,17:107,18:2
BEST score=750 bad=340 support=12 run=4 step=264 moves=12208 evaluations=7605533 ms=679 seq=1,5,25,125,289,189,189,592,145,506,189,472,592,189,125,289,472,193,472,472,313 spectrum=9:4,10:4,11:60,12:142,13:130,14:509,15:730,16:405,17:37
BEST score=619 bad=311 support=11 run=4 step=282 moves=12226 evaluations=7616739 ms=680 seq=1,5,25,125,289,189,189,592,145,506,189,472,592,189,313,289,472,5,472,472,313 spectrum=9:4,10:4,11:36,12:112,13:155,14:569,15:870,16:416,17:37
BEST score=614 bad=362 support=11 run=4 step=338 moves=12282 evaluations=7651602 ms=683 seq=1,5,25,125,313,189,189,592,616,506,189,472,592,592,189,289,472,5,472,472,592 spectrum=9:4,12:192,13:166,14:224,15:576,16:440,17:87,18:1
BEST score=391 bad=158 support=10 run=4 step=339 moves=12283 evaluations=7652223 ms=683 seq=1,5,25,125,313,189,189,592,313,506,189,472,592,592,189,289,472,5,472,472,592 spectrum=9:3,11:24,12:116,13:15,14:528,15:1156,16:454,17:26
PROGRESS runs=10 best=391 moves=29863 evaluations=18603943 ms=1609
PROGRESS runs=20 best=391 moves=59728 evaluations=37208492 ms=3220
PROGRESS runs=30 best=391 moves=89586 evaluations=55806541 ms=4858
PROGRESS runs=40 best=391 moves=119448 evaluations=74409037 ms=6464
PROGRESS runs=50 best=391 moves=149312 evaluations=93014061 ms=8063
PROGRESS runs=60 best=391 moves=179173 evaluations=111615313 ms=9663
PROGRESS runs=70 best=391 moves=209037 evaluations=130214592 ms=11266
PROGRESS runs=80 best=391 moves=238903 evaluations=148817687 ms=12890
PROGRESS runs=90 best=391 moves=268761 evaluations=167416672 ms=14493
PROGRESS runs=100 best=391 moves=298627 evaluations=186021951 ms=16063
PROGRESS runs=110 best=391 moves=328491 evaluations=204625886 ms=17662
PROGRESS runs=120 best=391 moves=358351 evaluations=223225953 ms=19180
PROGRESS runs=130 best=391 moves=388216 evaluations=241829387 ms=20778
PROGRESS runs=140 best=391 moves=418080 evaluations=260432193 ms=22395
BEST score=245 bad=105 support=9 run=148 step=242 moves=442204 evaluations=275459423 ms=23655 seq=1,5,25,125,1,150,25,231,125,26,25,105,1,105,1,125,25,105,125,126,105 spectrum=9:4,12:80,13:21,14:864,15:1296,16:400,17:50,18:1
PROGRESS runs=150 best=245 moves=447932 evaluations=279026654 ms=23970
FINAL score=245 bad=105 moves=447932 evaluations=279026654 restarts=150 steps=3000 ms=23970 seq=1,5,25,125,1,150,25,231,125,26,25,105,1,105,1,125,25,105,125,126,105 spectrum=9:4,12:80,13:21,14:864,15:1296,16:400,17:50,18:1
