CONFIG N=21 M=13 seed=104723 restarts=30 steps=3000 mode=full domain=624
BEST bad=3498 support=9 run=0 step=0 moves=0 evaluations=0 ms=1 seq=1,5,25,125,1,5,25,125,1,5,25,125,1,5,25,125,420,310,554,588,92 spectrum=6:64,7:4,8:350,9:1024,10:304,11:528,12:360,13:864,14:4,16:24,17:16,18:4
BEST bad=1876 support=9 run=0 step=1 moves=1 evaluations=620 ms=3 seq=1,5,25,125,1,5,25,125,1,5,25,125,1,5,25,125,286,310,554,588,92 spectrum=6:88,7:4,8:432,9:688,10:344,11:88,12:120,13:112,14:608,15:160,17:16
BEST bad=1812 support=10 run=0 step=4 moves=4 evaluations=2483 ms=3 seq=1,5,25,125,1,5,25,616,1,5,25,125,1,5,25,125,286,334,554,588,92 spectrum=6:184,7:27,8:430,9:600,10:166,11:99,12:186,13:120,14:290,15:82,17:4
BEST bad=1793 support=10 run=0 step=5 moves=5 evaluations=3104 ms=5 seq=1,5,25,125,1,5,25,616,1,5,25,125,1,5,25,125,267,334,554,588,92 spectrum=4:4,6:124,7:103,8:388,9:576,10:144,11:78,12:228,13:148,14:522,15:100,16:144
BEST bad=1675 support=10 run=0 step=6 moves=6 evaluations=3726 ms=5 seq=1,5,25,125,1,5,125,616,1,5,25,125,1,5,25,125,267,334,554,588,92 spectrum=4:4,6:88,7:84,8:323,9:558,10:166,11:106,12:198,13:148,14:404,15:142,16:208,17:4
BEST bad=1619 support=10 run=0 step=7 moves=7 evaluations=4347 ms=6 seq=1,5,25,125,1,5,125,391,1,5,25,125,1,5,25,125,267,334,554,588,92 spectrum=4:4,5:12,6:116,7:112,8:237,9:498,10:180,11:66,12:342,13:52,14:544,15:154,16:120
BEST bad=1577 support=10 run=0 step=9 moves=9 evaluations=5589 ms=6 seq=1,5,25,125,1,5,125,391,1,5,334,125,1,5,25,125,267,334,554,588,92 spectrum=4:4,5:16,6:180,7:132,8:107,9:382,10:184,11:128,12:202,13:242,14:448,15:264,16:88
BEST bad=1352 support=10 run=0 step=10 moves=10 evaluations=6210 ms=6 seq=1,5,25,125,1,5,125,391,1,5,334,125,1,5,25,125,267,334,554,88,92 spectrum=5:16,6:196,7:136,8:122,9:220,10:72,11:162,12:206,13:222,14:920,15:292,16:6
BEST bad=1202 support=10 run=0 step=11 moves=11 evaluations=6831 ms=7 seq=1,5,25,125,1,5,125,291,1,5,334,125,1,5,25,125,267,334,554,88,92 spectrum=5:72,6:112,7:68,8:178,9:184,10:78,11:204,12:168,13:138,14:854,15:92,16:42
BEST bad=1137 support=10 run=0 step=14 moves=14 evaluations=8696 ms=7 seq=1,5,25,125,1,5,125,291,1,5,334,125,1,92,25,125,267,334,554,88,92 spectrum=5:64,6:184,7:96,8:182,9:124,10:63,11:216,12:176,13:32,14:394,15:160,16:42
BEST bad=1115 support=11 run=0 step=18 moves=18 evaluations=11188 ms=7 seq=1,5,25,125,613,5,125,291,1,5,334,125,1,92,25,125,267,334,392,88,92 spectrum=5:80,6:157,7:159,8:172,9:81,10:63,11:92,12:124,13:187,14:327,15:114,16:95,19:1
BEST bad=970 support=12 run=0 step=19 moves=19 evaluations=11811 ms=8 seq=1,5,25,125,613,414,125,291,1,5,334,125,1,92,25,125,267,334,392,88,92 spectrum=5:60,6:148,7:173,8:159,9:79,10:48,11:91,12:103,13:109,14:280,15:144,16:18,19:1
BEST bad=955 support=12 run=0 step=20 moves=20 evaluations=12434 ms=8 seq=1,5,25,125,613,414,125,291,1,5,392,125,1,92,25,125,267,334,392,88,92 spectrum=5:36,6:138,7:170,8:143,9:76,10:54,11:100,12:120,13:118,14:351,15:124,16:42
BEST bad=929 support=12 run=0 step=21 moves=21 evaluations=13057 ms=8 seq=1,5,25,125,613,414,125,291,1,5,392,125,1,92,392,125,267,334,392,88,92 spectrum=5:23,6:108,7:196,8:136,9:50,10:58,11:96,12:106,13:156,14:271,15:131,16:73,19:1
BEST bad=870 support=12 run=0 step=23 moves=23 evaluations=14304 ms=9 seq=1,5,25,125,613,414,125,291,1,5,392,125,1,92,392,125,225,334,392,88,92 spectrum=5:23,6:135,7:129,8:114,9:70,10:74,11:82,12:114,13:129,14:286,15:173,16:32,19:1,20:1
BEST bad=809 support=12 run=0 step=24 moves=24 evaluations=14927 ms=9 seq=1,5,25,125,613,414,125,291,1,5,392,125,1,92,392,125,225,334,392,325,92 spectrum=5:23,6:119,7:160,8:129,9:51,10:77,11:56,12:85,13:109,14:161,15:161,16:12,20:1
BEST bad=749 support=12 run=0 step=25 moves=25 evaluations=15550 ms=9 seq=1,5,25,125,613,414,125,291,1,5,392,125,1,92,392,125,425,334,392,325,92 spectrum=2:1,5:23,6:81,7:193,8:73,9:57,10:75,11:56,12:87,13:103,14:217,15:128,16:50
BEST bad=698 support=11 run=0 step=34 moves=34 evaluations=21157 ms=10 seq=1,5,25,125,392,414,125,291,1,5,392,125,1,350,92,125,425,325,392,325,92 spectrum=2:2,5:22,6:64,7:111,8:57,9:63,10:70,11:43,12:134,13:132,14:313,15:99,16:54
BEST bad=680 support=10 run=0 step=35 moves=35 evaluations=21780 ms=10 seq=1,5,25,125,392,414,125,291,1,5,392,125,1,25,92,125,425,325,392,325,92 spectrum=2:2,5:24,6:72,7:118,8:62,9:51,10:67,11:36,12:76,13:172,14:166,15:134,16:14
BEST bad=439 support=9 run=0 step=36 moves=36 evaluations=22403 ms=11 seq=1,5,25,125,392,414,125,92,1,5,392,125,1,25,92,125,425,325,392,325,92 spectrum=2:2,6:8,7:3,8:43,9:51,10:81,11:27,12:66,13:158,14:396,15:262,16:54
BEST bad=155 support=9 run=0 step=37 moves=37 evaluations=23026 ms=11 seq=1,5,25,125,392,414,125,92,1,325,392,125,1,25,92,125,425,325,392,325,92 spectrum=2:3,6:12,7:9,8:17,9:3,10:6,11:30,12:18,13:57,14:153,15:252,16:123,17:57
BEST bad=152 support=9 run=0 step=39 moves=39 evaluations=24272 ms=11 seq=1,5,25,125,392,189,125,92,1,325,392,125,1,25,92,125,425,325,392,325,92 spectrum=2:3,6:12,7:9,8:17,9:6,10:15,11:39,12:21,13:30,14:36,15:66,16:162,17:60,18:18
BEST bad=105 support=10 run=0 step=41 moves=41 evaluations=25519 ms=12 seq=1,5,25,125,392,189,125,92,1,325,392,163,1,25,92,125,425,325,392,325,92 spectrum=2:3,4:9,5:3,6:6,7:11,8:9,9:9,10:12,11:13,12:12,13:18,14:18,15:18,16:27,17:9,18:9,19:3,20:3
BEST bad=95 support=10 run=0 step=42 moves=42 evaluations=26143 ms=12 seq=1,5,25,125,425,189,125,92,1,325,392,163,1,25,92,125,425,325,392,325,92 spectrum=2:6,4:14,5:2,6:9,7:5,8:10,9:8,10:16,11:3,12:15,13:7,14:9,15:7,16:19,17:6,18:12,20:2
BEST bad=80 support=10 run=0 step=44 moves=44 evaluations=27391 ms=12 seq=1,5,25,125,425,414,125,92,1,325,392,163,1,25,92,125,425,325,392,325,92 spectrum=2:6,4:14,5:2,6:9,7:3,8:10,9:5,10:10,11:4,12:10,13:7,14:36,15:31,16:70,17:18,18:27,20:2
BEST bad=65 support=10 run=0 step=46 moves=46 evaluations=28639 ms=12 seq=1,5,25,125,425,414,125,92,1,325,392,163,1,25,92,425,425,325,392,325,92 spectrum=2:9,4:24,5:5,6:16,7:3,8:1,9:3,12:3,13:1,14:9,15:9,16:24,17:9,18:15,20:3
BEST bad=64 support=10 run=0 step=47 moves=47 evaluations=29263 ms=13 seq=1,5,25,125,425,414,125,92,1,325,392,163,1,25,92,392,425,325,392,325,92 spectrum=2:6,4:15,5:3,6:6,7:13,8:3,9:12,11:3,12:3,14:11,15:33,16:27,17:36,18:12,19:9
BEST bad=58 support=13 run=0 step=67 moves=67 evaluations=41741 ms=14 seq=1,5,25,125,392,414,550,92,326,325,425,163,326,425,92,425,450,92,392,325,92 spectrum=2:6,4:13,5:4,6:8,7:4,8:13,10:6,12:2,13:2,14:16,15:12,16:42,17:9,18:24,19:4,20:4
BEST bad=57 support=12 run=0 step=79 moves=79 evaluations=49218 ms=15 seq=1,5,25,125,392,414,550,92,326,325,425,425,326,392,92,425,450,92,425,325,92 spectrum=2:8,4:6,6:4,7:4,8:24,9:2,10:8,13:1,14:16,15:14,16:56,17:14,18:12
BEST bad=40 support=12 run=0 step=80 moves=80 evaluations=49840 ms=15 seq=1,5,25,125,392,414,550,92,326,325,425,425,326,450,92,425,450,92,425,325,92 spectrum=2:8,4:6,6:2,7:1,8:8,9:1,10:2,12:6,13:6,14:46,15:58,16:113,17:53,18:28,19:1
BEST bad=39 support=12 run=0 step=89 moves=89 evaluations=55444 ms=16 seq=1,5,25,125,392,414,550,92,326,325,425,425,326,450,92,425,25,92,425,325,92 spectrum=2:8,4:6,6:4,8:8,9:2,12:1,13:10,14:36,15:81,16:96,17:84,18:22,19:5
BEST bad=36 support=12 run=0 step=93 moves=93 evaluations=57936 ms=16 seq=1,5,25,125,392,514,550,92,326,325,425,425,326,450,92,425,25,92,425,325,392 spectrum=2:8,4:6,6:2,7:1,8:8,9:1,10:2,12:6,13:2,14:42,15:63,16:113,17:73,18:34,19:7
PROGRESS runs=10 best=36 moves=29840 evaluations=18603080 ms=1583
BEST bad=35 support=12 run=10 step=2485 moves=32311 evaluations=20143596 ms=1708 seq=1,5,25,125,292,292,425,192,1,617,425,325,325,25,350,425,25,618,47,425,617 spectrum=2:8,4:6,6:4,8:8,9:2,12:1,13:6,14:26,15:56,16:96,17:59,18:28,19:5
PROGRESS runs=20 best=35 moves=59680 evaluations=37206193 ms=3103
PROGRESS runs=30 best=35 moves=89530 evaluations=55816586 ms=4551
FINAL bad=35 moves=89530 evaluations=55816586 restarts=30 steps=3000 ms=4551 seq=1,5,25,125,292,292,425,192,1,617,425,325,325,25,350,425,25,618,47,425,617 spectrum=2:8,4:6,6:4,8:8,9:2,12:1,13:6,14:26,15:56,16:96,17:59,18:28,19:5
