CONFIG N=21 M=13 seed=961748941 restarts=200 steps=4000 weight=8 cap=3 mode=full domain=624
BEST score=2117160139 bad=3069 support=13 run=0 step=0 moves=0 evaluations=0 ms=1 seq=1,5,25,125,1,5,25,125,1,5,25,125,250,346,239,8,189,424,200,353,365 spectrum=3:1,4:1,5:27,6:196,7:119,8:346,9:598,10:277,11:698,12:627,13:179,14:187,15:66,16:12,17:18,18:9
BEST score=827432654 bad=3030 support=13 run=0 step=1 moves=1 evaluations=620 ms=3 seq=1,5,25,125,1,5,25,125,1,5,25,125,250,346,239,8,189,424,200,43,365 spectrum=4:1,5:18,6:156,7:198,8:294,9:534,10:609,11:453,12:313,13:454,14:123,15:72,16:57
BEST score=599227157 bad=2979 support=14 run=0 step=2 moves=2 evaluations=1241 ms=4 seq=1,5,25,125,1,5,25,125,1,48,25,125,250,346,239,8,189,424,200,43,365 spectrum=4:1,5:9,6:120,7:187,8:329,9:542,10:596,11:404,12:402,13:389,14:139,15:163,16:59,19:3
BEST score=560992934 bad=2840 support=14 run=0 step=3 moves=3 evaluations=1862 ms=5 seq=1,5,25,125,1,5,25,125,1,48,25,125,250,346,239,363,189,424,200,43,365 spectrum=4:1,5:9,6:111,7:108,8:348,9:734,10:484,11:365,12:466,13:214,14:248,15:106,16:14,17:18,18:6
BEST score=413633334 bad=3138 support=14 run=0 step=4 moves=4 evaluations=2484 ms=5 seq=1,5,25,125,1,5,25,125,1,48,363,125,250,346,239,363,189,424,200,43,365 spectrum=4:1,5:6,6:68,7:75,8:401,9:747,10:483,11:512,12:655,13:190,14:116,15:53,16:19,17:15,18:4
BEST score=284163599 bad=3170 support=13 run=0 step=5 moves=5 evaluations=3106 ms=5 seq=1,5,25,125,1,5,25,125,1,48,363,125,250,346,239,363,189,424,200,43,239 spectrum=4:1,5:2,6:39,7:64,8:475,9:485,10:423,11:796,12:790,13:95,14:124,15:87,16:27,17:1
BEST score=193377287 bad=3057 support=13 run=0 step=6 moves=6 evaluations=3728 ms=6 seq=1,5,25,125,1,5,25,125,1,48,363,125,250,346,239,363,189,424,238,43,239 spectrum=4:1,5:2,6:3,7:26,8:320,9:421,10:472,11:591,12:1006,13:215,14:180,15:146,16:18
BEST score=190393618 bad=3243 support=14 run=0 step=8 moves=8 evaluations=4972 ms=6 seq=1,5,25,125,1,5,25,125,1,48,126,125,250,346,239,363,189,424,238,43,239 spectrum=4:1,5:2,7:42,8:290,9:453,10:380,11:784,12:1025,13:266,14:232,15:194,16:14,17:3,18:1
BEST score=163524403 bad=3388 support=16 run=0 step=10 moves=10 evaluations=6216 ms=6 seq=1,5,25,125,1,506,25,125,1,48,126,125,250,346,239,363,189,424,238,43,420 spectrum=4:1,7:56,8:385,9:417,10:455,11:984,12:839,13:251,14:151,15:86,16:14,17:3,18:1
BEST score=157718556 bad=3278 support=15 run=0 step=11 moves=11 evaluations=6838 ms=7 seq=1,5,25,125,1,238,25,125,1,48,126,125,250,346,239,363,189,424,238,43,420 spectrum=4:1,7:46,8:288,9:420,10:422,11:959,12:874,13:268,14:199,15:163,16:24,17:3
BEST score=153289191 bad=3212 support=15 run=0 step=15 moves=15 evaluations=9326 ms=7 seq=1,5,25,125,1,238,47,125,1,48,126,125,250,346,239,363,423,239,363,43,420 spectrum=4:1,6:3,7:29,8:122,9:215,10:443,11:996,12:1076,13:327,14:204,15:224,16:43,17:2
BEST score=150440937 bad=3937 support=16 run=0 step=16 moves=16 evaluations=9948 ms=7 seq=1,5,25,125,1,238,47,125,1,48,126,125,250,346,239,363,423,239,133,43,420 spectrum=4:1,6:1,7:25,8:156,9:500,10:676,11:895,12:1082,13:601,14:124,15:102,16:34,17:2
BEST score=17344834 bad=4049 support=16 run=0 step=18 moves=18 evaluations=11193 ms=8 seq=1,5,25,125,1,238,47,238,1,48,126,125,250,346,239,363,423,239,133,43,420 spectrum=6:2,7:21,8:152,9:541,10:743,11:927,12:1061,13:602,14:126,15:84,16:15
BEST score=16737593 bad=3414 support=16 run=0 step=20 moves=20 evaluations=12439 ms=8 seq=1,5,25,125,1,238,47,238,1,438,126,125,250,346,239,363,423,239,133,43,420 spectrum=6:2,7:26,8:126,9:298,10:614,11:876,12:895,13:577,14:398,15:140,16:9,17:4,18:1
BEST score=11175809 bad=3179 support=15 run=0 step=24 moves=24 evaluations=14931 ms=8 seq=1,5,25,125,1,238,47,363,1,438,126,238,125,346,239,363,423,239,133,43,420 spectrum=6:2,7:10,8:91,9:246,10:601,11:871,12:821,13:537,14:391,15:137,16:19,17:1,18:1
BEST score=11044804 bad=3487 support=15 run=0 step=25 moves=25 evaluations=15555 ms=9 seq=1,5,25,125,125,238,47,363,1,438,126,238,125,346,239,363,423,239,133,43,420 spectrum=6:2,7:9,8:91,9:273,10:629,11:953,12:934,13:596,14:383,15:175,16:16
BEST score=9389903 bad=3470 support=15 run=0 step=26 moves=26 evaluations=16178 ms=9 seq=1,5,25,125,125,1,47,363,1,438,126,238,125,346,239,363,423,239,133,43,420 spectrum=6:1,7:9,8:104,9:274,10:662,11:882,12:907,13:631,14:439,15:148,16:6,17:3,18:2
BEST score=4796437 bad=3894 support=14 run=0 step=27 moves=27 evaluations=16800 ms=9 seq=1,5,25,125,125,1,47,363,1,438,126,238,125,346,239,363,423,239,133,43,238 spectrum=7:6,8:65,9:144,10:808,11:1265,12:1081,13:525,14:99,15:49,16:35
BEST score=2493174 bad=2980 support=13 run=0 step=30 moves=30 evaluations=18666 ms=10 seq=1,5,25,125,125,1,47,363,1,311,126,238,125,238,239,363,423,239,133,43,238 spectrum=7:3,8:26,9:78,10:870,11:1359,12:318,13:326,14:718,15:381,16:39
BEST score=1450691 bad=3504 support=14 run=0 step=75 moves=75 evaluations=46633 ms=12 seq=1,5,25,125,125,1,424,364,1,439,239,363,42,238,238,363,548,239,132,43,238 spectrum=8:21,9:107,10:485,11:1040,12:1080,13:771,14:517,15:286,16:85,17:10
BEST score=1156922 bad=1593 support=12 run=0 step=192 moves=191 evaluations=118747 ms=20 seq=1,5,25,125,128,1,549,235,1,439,239,360,147,6,5,239,549,239,235,549,128 spectrum=8:19,9:111,10:118,11:235,12:444,13:666,14:501,15:269,16:40,17:24,18:7
BEST score=1130783 bad=1571 support=11 run=0 step=197 moves=196 evaluations=121855 ms=21 seq=1,5,25,125,128,1,549,235,1,439,239,360,147,5,5,239,549,239,235,549,128 spectrum=8:22,9:75,10:167,11:199,12:477,13:631,14:490,15:258,16:84,17:12,18:9
BEST score=1028525 bad=1625 support=12 run=0 step=199 moves=198 evaluations=123097 ms=21 seq=1,5,25,125,128,1,549,235,1,439,239,360,147,5,5,239,545,239,235,549,128 spectrum=8:18,9:87,10:116,11:298,12:397,13:709,14:432,15:267,16:48,17:32,18:6
BEST score=870574 bad=1055 support=12 run=0 step=210 moves=209 evaluations=129934 ms=22 seq=1,5,25,125,128,1,549,235,1,439,239,466,147,5,5,239,545,239,235,549,128 spectrum=8:15,9:78,10:93,11:138,12:341,13:390,14:553,15:269,16:153,17:6
BEST score=815919 bad=1980 support=12 run=0 step=670 moves=667 evaluations=414701 ms=50 seq=1,5,25,125,588,317,318,1,593,129,466,317,5,125,318,1,5,593,108,127,317 spectrum=8:15,9:42,10:229,11:467,12:572,13:655,14:777,15:400,16:82,17:12
BEST score=562351 bad=1847 support=13 run=0 step=677 moves=674 evaluations=419053 ms=51 seq=1,5,25,125,588,317,318,1,593,129,466,317,468,125,318,1,5,593,108,127,317 spectrum=8:10,9:31,10:147,11:423,12:589,13:647,14:606,15:423,16:138,17:19,18:2
BEST score=539851 bad=1831 support=14 run=0 step=678 moves=675 evaluations=419675 ms=51 seq=1,5,25,125,588,317,318,1,593,129,466,317,468,125,318,1,9,593,108,127,317 spectrum=8:9,9:38,10:117,11:369,12:639,13:659,14:583,15:408,16:174,17:24
BEST score=166693 bad=1822 support=12 run=0 step=725 moves=722 evaluations=448912 ms=54 seq=1,5,25,125,129,317,318,1,593,125,466,317,467,125,318,1,5,593,441,127,317 spectrum=8:1,9:13,10:112,11:267,12:688,13:741,14:668,15:378,16:237,17:33
BEST score=141554 bad=1736 support=13 run=0 step=726 moves=723 evaluations=449534 ms=55 seq=1,5,25,125,129,317,318,1,593,125,466,316,467,125,318,1,5,593,441,127,317 spectrum=9:16,10:100,11:303,12:587,13:730,14:631,15:446,16:178,17:52
BEST score=117898 bad=1803 support=13 run=0 step=737 moves=734 evaluations=456379 ms=56 seq=1,5,25,125,129,317,318,1,593,125,466,316,467,125,318,1,5,593,442,127,317 spectrum=9:10,10:96,11:345,12:622,13:730,14:680,15:412,16:195,17:47
BEST score=115506 bad=2029 support=15 run=0 step=2185 moves=2175 evaluations=1353013 ms=150 seq=1,5,25,125,1,127,85,90,210,152,1,128,86,86,126,92,94,85,125,25,89 spectrum=8:1,9:7,10:63,11:243,12:649,13:1066,14:912,15:434,16:123,17:24
BEST score=112742 bad=2009 support=15 run=0 step=2201 moves=2191 evaluations=1362982 ms=151 seq=1,5,25,125,1,127,85,90,211,151,1,128,86,86,126,92,94,85,125,25,89 spectrum=8:1,9:7,10:57,11:248,12:650,13:1046,14:927,15:468,16:128,17:20
BEST score=109901 bad=2066 support=14 run=0 step=2204 moves=2194 evaluations=1364851 ms=152 seq=1,5,25,125,1,127,85,90,211,151,1,128,86,86,126,92,94,85,125,25,85 spectrum=8:1,9:5,10:65,11:265,12:669,13:1061,14:970,15:476,16:115,17:14
BEST score=79623 bad=1825 support=12 run=2 step=2031 moves=9986 evaluations=6212810 ms=612 seq=1,5,25,125,130,46,130,46,155,30,5,21,181,71,5,71,30,25,135,25,135 spectrum=8:1,9:4,10:32,11:140,12:497,13:1151,14:1204,15:538,16:145,17:22
BEST score=75241 bad=1076 support=12 run=2 step=2045 moves=10000 evaluations=6221522 ms=614 seq=1,5,25,125,130,46,130,46,155,30,5,21,176,71,5,71,30,25,135,25,135 spectrum=8:1,9:5,10:23,11:118,12:248,13:681,14:1050,15:759,16:238,17:23
PROGRESS runs=10 best=75241 moves=39821 evaluations=24778827 ms=2215
BEST score=65482 bad=1558 support=12 run=16 step=1953 moves=65650 evaluations=40850631 ms=3595 seq=1,5,25,125,168,163,450,450,301,301,588,593,125,425,425,163,168,613,588,163,425 spectrum=8:1,10:38,11:143,12:390,13:986,14:1265,15:744,16:188,17:10
PROGRESS runs=20 best=65482 moves=79634 evaluations=49553873 ms=4358
BEST score=56672 bad=2373 support=14 run=22 step=2452 moves=90040 evaluations=56028523 ms=4920 seq=1,5,25,125,534,226,509,1,557,533,101,125,154,126,605,1,101,78,226,557,101 spectrum=9:6,10:18,11:238,12:791,13:1320,14:1056,15:469,16:108,17:16
PROGRESS runs=30 best=56672 moves=119447 evaluations=74332327 ms=6505
PROGRESS runs=40 best=56672 moves=159260 evaluations=99109182 ms=8652
PROGRESS runs=50 best=56672 moves=199069 evaluations=123878335 ms=10838
PROGRESS runs=60 best=56672 moves=238880 evaluations=148652254 ms=12988
PROGRESS runs=70 best=56672 moves=278694 evaluations=173427522 ms=15137
BEST score=51478 bad=2422 support=12 run=72 step=331 moves=286988 evaluations=178587138 ms=15586 seq=1,5,25,125,105,525,25,1,1,609,26,234,234,609,400,125,525,234,125,251,501 spectrum=9:3,10:30,11:253,12:786,13:1350,14:1093,15:471,16:108,17:16
BEST score=41588 bad=2367 support=12 run=72 step=334 moves=286991 evaluations=178589001 ms=15587 seq=1,5,25,125,105,525,25,1,1,609,526,234,234,609,400,125,525,234,125,251,501 spectrum=9:2,10:24,11:205,12:836,13:1300,14:1072,15:470,16:115,17:21
PROGRESS runs=80 best=41588 moves=318507 evaluations=198200267 ms=17314
PROGRESS runs=90 best=41588 moves=358314 evaluations=222970493 ms=19483
PROGRESS runs=100 best=41588 moves=398122 evaluations=247746532 ms=21675
PROGRESS runs=110 best=41588 moves=437938 evaluations=272527413 ms=23853
PROGRESS runs=120 best=41588 moves=477756 evaluations=297304541 ms=25985
PROGRESS runs=130 best=41588 moves=517574 evaluations=322084640 ms=28006
PROGRESS runs=140 best=41588 moves=557383 evaluations=346859090 ms=30059
PROGRESS runs=150 best=41588 moves=597203 evaluations=371640614 ms=32083
PROGRESS runs=160 best=41588 moves=637021 evaluations=396419471 ms=34121
PROGRESS runs=170 best=41588 moves=676839 evaluations=421196595 ms=36138
PROGRESS runs=180 best=41588 moves=716654 evaluations=445972909 ms=38164
PROGRESS runs=190 best=41588 moves=756473 evaluations=470754137 ms=40260
PROGRESS runs=200 best=41588 moves=796284 evaluations=495529194 ms=42281
FINAL score=41588 bad=2367 moves=796284 evaluations=495529194 restarts=200 steps=4000 ms=42282 seq=1,5,25,125,105,525,25,1,1,609,526,234,234,609,400,125,525,234,125,251,501 spectrum=9:2,10:24,11:205,12:836,13:1300,14:1072,15:470,16:115,17:21
