CONFIG N=21 M=13 cap=3 seed=15485863 restarts=200 steps=4000 mode=full objective=exact_lexicographic_spectrum
BEST min=4 support=13 run=0 step=0 moves=0 evaluations=0 ms=1 seq=1,5,25,125,1,5,25,125,1,5,25,125,356,207,17,337,324,168,338,234,532 spectrum=4:6,5:12,6:93,7:182,8:268,9:348,10:457,11:561,12:446,13:306,14:295,15:166,16:18,17:9,18:3,19:3
BEST min=4 support=14 run=0 step=1 moves=1 evaluations=621 ms=3 seq=1,5,25,125,1,5,25,125,52,5,25,125,356,207,17,337,324,168,338,234,532 spectrum=4:5,5:10,6:66,7:164,8:341,9:410,10:535,11:567,12:524,13:342,14:220,15:121,16:51,17:5,18:1
BEST min=4 support=15 run=0 step=2 moves=2 evaluations=1242 ms=12 seq=1,5,25,125,26,5,25,125,52,5,25,125,356,207,17,337,324,168,338,234,532 spectrum=4:4,5:9,6:47,7:166,8:373,9:465,10:551,11:540,12:593,13:294,14:271,15:73,16:38,17:7,18:1
BEST min=4 support=16 run=0 step=4 moves=4 evaluations=2485 ms=13 seq=1,5,25,125,26,5,25,125,52,5,38,125,356,207,17,337,324,168,338,234,532 spectrum=4:4,5:6,6:54,7:179,8:297,9:458,10:563,11:575,12:475,13:335,14:239,15:103,16:26,17:6,18:3
BEST min=4 support=16 run=0 step=5 moves=5 evaluations=3107 ms=13 seq=1,5,25,125,26,5,25,125,52,5,38,125,356,207,17,337,324,168,338,545,532 spectrum=4:3,5:6,6:49,7:167,8:251,9:419,10:612,11:656,12:415,13:277,14:261,15:37,16:27,17:8,18:1
BEST min=4 support=16 run=0 step=6 moves=6 evaluations=3729 ms=13 seq=1,5,25,125,26,5,25,125,52,5,38,125,356,207,12,337,324,168,338,545,532 spectrum=4:3,5:6,6:27,7:167,8:278,9:348,10:598,11:606,12:546,13:286,14:180,15:103,16:34,17:4,18:3
BEST min=5 support=15 run=0 step=19 moves=19 evaluations=11823 ms=15 seq=1,5,25,125,26,126,25,125,564,5,38,125,368,207,545,337,324,168,126,545,127 spectrum=5:9,6:25,7:145,8:430,9:444,10:737,11:804,12:393,13:270,14:129,15:99,16:39,17:8
BEST min=5 support=16 run=0 step=20 moves=20 evaluations=12447 ms=15 seq=1,5,25,125,26,126,25,12,564,5,38,125,368,207,545,337,324,168,126,545,127 spectrum=5:5,6:25,7:139,8:377,9:467,10:669,11:823,12:517,13:328,14:177,15:75,16:23,17:3,18:1
BEST min=5 support=16 run=0 step=21 moves=21 evaluations=13071 ms=16 seq=1,5,25,125,26,126,25,12,564,5,533,125,368,207,545,337,324,168,126,545,127 spectrum=5:4,6:22,7:121,8:361,9:492,10:614,11:780,12:630,13:344,14:207,15:61,16:18,17:4,18:3
BEST min=5 support=15 run=0 step=22 moves=22 evaluations=13695 ms=16 seq=1,5,25,125,26,126,25,12,564,5,533,125,368,207,545,25,324,168,126,545,127 spectrum=5:2,6:18,7:165,8:360,9:519,10:529,11:719,12:593,13:294,14:199,15:78,16:21,17:3,18:9
BEST min=6 support=15 run=0 step=23 moves=23 evaluations=14318 ms=29 seq=1,5,25,125,26,126,25,12,564,5,533,125,368,207,545,25,449,168,126,545,127 spectrum=6:12,7:280,8:344,9:598,10:658,11:590,12:420,13:326,14:113,15:74,16:28,17:10,18:2
BEST min=6 support=14 run=0 step=26 moves=26 evaluations=16187 ms=30 seq=1,5,25,125,26,126,25,449,564,5,533,125,368,207,545,25,449,168,126,545,127 spectrum=6:11,7:295,8:270,9:536,10:640,11:569,12:451,13:325,14:147,15:71,16:43,17:16,19:1
BEST min=6 support=14 run=0 step=28 moves=28 evaluations=17434 ms=30 seq=1,5,25,125,26,126,25,449,564,5,533,125,368,101,545,25,449,168,126,545,127 spectrum=6:7,7:284,8:282,9:618,10:523,11:458,12:492,13:139,14:180,15:29,16:41,17:23,18:2,19:2
BEST min=6 support=17 run=0 step=47 moves=47 evaluations=29260 ms=32 seq=1,5,25,125,26,126,256,449,227,449,513,424,307,509,495,25,449,168,126,545,458 spectrum=6:7,7:72,8:192,9:376,10:617,11:739,12:628,13:463,14:286,15:103,16:32,17:11,18:1
BEST min=6 support=16 run=0 step=51 moves=51 evaluations=31754 ms=33 seq=1,5,25,125,26,126,256,319,227,449,513,424,307,509,449,424,449,424,126,545,458 spectrum=6:7,7:51,8:150,9:301,10:453,11:555,12:558,13:462,14:296,15:184,16:73,17:12,18:2
BEST min=6 support=16 run=0 step=52 moves=52 evaluations=32376 ms=33 seq=1,5,25,125,26,126,256,319,227,449,513,424,51,509,449,424,449,424,126,545,458 spectrum=6:4,7:46,8:141,9:351,10:533,11:525,12:504,13:441,14:276,15:124,16:41,17:13
BEST min=6 support=17 run=0 step=53 moves=53 evaluations=32998 ms=33 seq=1,5,25,125,26,126,256,319,227,449,513,424,51,509,449,424,449,424,127,545,458 spectrum=6:2,7:71,8:227,9:502,10:679,11:631,12:608,13:487,14:272,15:75,16:14,17:12
BEST min=6 support=17 run=0 step=54 moves=54 evaluations=33621 ms=34 seq=1,5,25,125,26,126,256,319,227,449,513,424,51,509,449,25,449,424,127,545,458 spectrum=6:2,7:67,8:240,9:496,10:617,11:645,12:675,13:491,14:236,15:98,16:33,17:8,18:1
BEST min=6 support=18 run=0 step=66 moves=66 evaluations=41103 ms=35 seq=1,5,25,125,298,126,256,319,227,449,235,424,51,509,449,545,383,25,127,449,458 spectrum=6:1,7:59,8:208,9:436,10:657,11:810,12:753,13:528,14:301,15:133,16:24,17:4
BEST min=7 support=15 run=0 step=77 moves=77 evaluations=47960 ms=37 seq=1,5,25,125,424,126,25,424,344,424,235,545,51,253,449,545,383,25,483,449,458 spectrum=7:14,8:100,9:396,10:634,11:746,12:703,13:471,14:226,15:85,16:26,17:4,18:1
BEST min=7 support=15 run=0 step=84 moves=84 evaluations=52315 ms=38 seq=1,5,25,125,424,126,25,424,344,424,235,545,51,253,449,545,383,25,307,449,458 spectrum=7:13,8:108,9:354,10:541,11:572,12:541,13:456,14:329,15:152,16:37,17:13,18:3
BEST min=7 support=14 run=0 step=96 moves=96 evaluations=59780 ms=40 seq=1,5,25,125,424,126,25,424,545,424,235,545,51,253,449,545,383,25,307,449,458 spectrum=7:8,8:68,9:234,10:579,11:649,12:653,13:499,14:364,15:170,16:49,17:5,18:1
BEST min=7 support=13 run=0 step=97 moves=97 evaluations=60401 ms=40 seq=1,5,25,125,424,126,25,424,545,424,307,545,51,253,449,545,383,25,307,449,458 spectrum=7:5,8:115,9:415,10:697,11:656,12:509,13:422,14:310,15:118,16:11,17:4,18:2
BEST min=7 support=13 run=0 step=98 moves=98 evaluations=61023 ms=41 seq=1,5,25,125,424,126,25,5,545,424,307,545,51,253,449,545,383,25,307,449,458 spectrum=7:4,8:135,9:494,10:849,11:929,12:769,13:630,14:399,15:125,16:4
BEST min=7 support=12 run=0 step=99 moves=99 evaluations=61645 ms=41 seq=1,5,25,125,424,126,25,5,545,424,307,545,51,424,449,545,383,25,307,449,458 spectrum=7:4,8:71,9:283,10:810,11:762,12:624,13:566,14:318,15:176,16:17
BEST min=7 support=13 run=0 step=100 moves=100 evaluations=62266 ms=42 seq=1,5,25,125,424,126,25,5,545,424,307,545,51,424,449,545,383,25,483,449,458 spectrum=7:4,8:56,9:195,10:700,11:829,12:589,13:561,14:315,15:136,16:39
BEST min=7 support=12 run=0 step=101 moves=101 evaluations=62887 ms=42 seq=1,5,25,125,424,126,25,5,545,424,307,545,51,424,449,545,483,25,483,449,458 spectrum=7:4,8:40,9:218,10:645,11:695,12:704,13:445,14:498,15:96,16:20
BEST min=8 support=13 run=0 step=102 moves=102 evaluations=63509 ms=43 seq=1,5,25,125,424,126,25,5,545,424,307,545,51,424,449,545,483,570,483,449,458 spectrum=8:67,9:373,10:703,11:656,12:553,13:431,14:283,15:49,16:6,17:8,18:4
BEST min=8 support=13 run=0 step=103 moves=103 evaluations=64132 ms=43 seq=1,5,25,125,424,126,25,5,545,424,307,483,51,424,449,545,483,570,483,449,458 spectrum=8:54,9:430,10:767,11:901,12:665,13:699,14:410,15:98,16:6
BEST min=8 support=13 run=0 step=106 moves=106 evaluations=66000 ms=44 seq=1,5,25,125,424,126,25,5,570,424,307,483,51,424,449,545,483,570,483,449,458 spectrum=8:49,9:458,10:810,11:936,12:670,13:724,14:378,15:141,16:1
BEST min=8 support=12 run=0 step=107 moves=107 evaluations=66622 ms=44 seq=1,5,25,125,424,126,25,5,570,424,5,483,51,424,449,545,483,570,483,449,458 spectrum=8:47,9:602,10:1080,11:1323,12:825,13:652,14:322,15:126,16:3
BEST min=8 support=11 run=0 step=129 moves=129 evaluations=80291 ms=47 seq=1,5,25,125,424,126,25,5,570,424,5,483,545,424,449,545,483,570,483,449,458 spectrum=8:4,9:178,10:900,11:1227,12:765,13:449,14:498,15:231,16:42
BEST min=8 support=11 run=0 step=138 moves=138 evaluations=85884 ms=48 seq=1,5,25,125,424,126,25,5,570,424,5,483,545,424,449,545,483,570,483,449,332 spectrum=8:2,9:179,10:861,11:1308,12:920,13:512,14:474,15:192,16:33
BEST min=8 support=12 run=0 step=144 moves=144 evaluations=89612 ms=49 seq=1,5,25,125,424,126,25,5,570,424,131,483,545,424,449,545,483,570,483,449,332 spectrum=8:2,9:150,10:798,11:1158,12:835,13:497,14:520,15:219,16:43
BEST min=8 support=12 run=0 step=170 moves=170 evaluations=105793 ms=52 seq=1,5,25,125,424,126,25,131,570,424,131,483,545,424,449,545,483,570,483,449,332 spectrum=8:2,9:144,10:807,11:1050,12:720,13:457,14:494,15:268,16:45
BEST min=9 support=12 run=0 step=179 moves=179 evaluations=111396 ms=53 seq=1,5,25,125,424,126,131,131,570,424,131,483,545,424,449,545,483,570,483,449,332 spectrum=9:300,10:1316,11:1153,12:755,13:735,14:585,15:122,16:3
BEST min=9 support=12 run=0 step=1110 moves=1105 evaluations=687244 ms=136 seq=1,5,25,125,1,1,5,106,6,125,25,606,466,606,106,376,299,130,606,130,545 spectrum=9:179,10:566,11:1029,12:1174,13:890,14:389,15:92,16:39,17:4
BEST min=9 support=12 run=0 step=1113 moves=1108 evaluations=689110 ms=137 seq=1,5,25,125,1,1,5,106,6,125,25,606,505,606,106,376,299,130,606,130,545 spectrum=9:174,10:757,11:1530,12:2000,13:1660,14:824,15:193
BEST min=9 support=13 run=0 step=1116 moves=1111 evaluations=690977 ms=138 seq=1,5,25,125,170,1,5,106,6,125,25,606,505,606,106,376,299,130,606,130,545 spectrum=9:61,10:525,11:1266,12:1845,13:1660,14:966,15:296,16:46
BEST min=9 support=13 run=0 step=1272 moves=1266 evaluations=787563 ms=152 seq=1,5,25,125,125,251,231,545,486,545,25,45,355,505,45,231,5,545,106,5,611 spectrum=9:31,10:201,11:795,12:1211,13:1225,14:766,15:322,16:45,17:1
BEST min=9 support=13 run=0 step=1281 moves=1275 evaluations=793164 ms=153 seq=1,5,25,125,125,251,231,545,486,545,25,45,355,505,45,231,5,545,86,5,256 spectrum=9:17,10:284,11:675,12:1147,13:1175,14:797,15:290,16:65,17:12
BEST min=9 support=12 run=2 step=1135 moves=9092 evaluations=5655872 ms=845 seq=1,5,25,125,347,460,531,347,532,532,438,531,367,7,438,25,367,531,367,5,372 spectrum=9:12,10:236,11:641,12:1076,13:1055,14:727,15:272,16:71,17:6
BEST min=9 support=11 run=2 step=1382 moves=9338 evaluations=5809032 ms=867 seq=1,5,25,125,443,125,5,536,526,457,531,443,536,25,532,149,532,531,532,5,25 spectrum=9:8,10:238,11:553,12:1046,13:920,14:643,15:294,16:123,17:26
BEST min=9 support=15 run=2 step=1815 moves=9770 evaluations=6077907 ms=906 seq=1,5,25,125,367,343,146,246,5,535,465,226,439,246,226,246,559,439,439,539,464 spectrum=9:7,10:198,11:816,12:1367,13:1130,14:572,15:229,16:76,17:7
BEST min=9 support=15 run=2 step=1827 moves=9782 evaluations=6085374 ms=907 seq=1,5,25,125,367,343,146,246,5,444,465,226,439,246,226,246,559,439,439,539,464 spectrum=9:7,10:184,11:791,12:1400,13:1160,14:542,15:235,16:76,17:10
BEST min=9 support=15 run=2 step=1828 moves=9783 evaluations=6085996 ms=908 seq=1,5,25,125,463,343,146,246,5,444,465,226,439,246,226,246,559,439,439,539,464 spectrum=9:6,10:204,11:778,12:1319,13:1105,14:571,15:225,16:73,17:4
BEST min=9 support=14 run=2 step=1831 moves=9786 evaluations=6087863 ms=908 seq=1,5,25,125,463,343,25,246,5,444,465,226,439,246,226,246,559,439,439,539,464 spectrum=9:4,10:200,11:832,12:1284,13:1085,14:544,15:251,16:77,17:9
BEST min=9 support=14 run=2 step=1852 moves=9807 evaluations=6100930 ms=911 seq=1,5,25,125,463,343,25,246,5,444,128,226,439,246,226,246,559,439,439,539,464 spectrum=9:4,10:166,11:807,12:1444,13:1225,14:614,15:257,16:77,17:9
BEST min=10 support=13 run=2 step=2016 moves=9970 evaluations=6202416 ms=926 seq=1,5,25,125,367,33,25,246,246,539,343,367,5,246,226,467,226,343,439,367,530 spectrum=10:264,11:1300,12:2403,13:1875,14:535,17:3
BEST min=10 support=13 run=2 step=2018 moves=9972 evaluations=6203660 ms=926 seq=1,5,25,125,367,33,25,246,246,539,343,367,5,246,226,34,226,343,439,367,530 spectrum=10:244,11:1315,12:2358,13:1945,14:535,17:3
BEST min=10 support=13 run=2 step=2021 moves=9975 evaluations=6205527 ms=927 seq=1,5,25,125,367,466,25,246,246,539,343,367,5,246,226,34,226,343,439,367,530 spectrum=10:244,11:1300,12:2403,13:1915,14:545,17:3
BEST min=10 support=11 run=12 step=2637 moves=50415 evaluations=31370170 ms=4567 seq=1,5,25,125,142,13,142,347,25,13,18,142,25,330,339,347,38,1,18,330,13 spectrum=10:224,11:870,12:1530,13:585
PROGRESS runs=20 min=10 moves=79643 evaluations=49558575 ms=7144
PROGRESS runs=40 min=10 moves=159307 evaluations=99131573 ms=14195
PROGRESS runs=60 min=10 moves=238964 evaluations=148705971 ms=21238
BEST min=10 support=12 run=64 step=3278 moves=258160 evaluations=160651002 ms=22910 seq=1,5,25,125,621,463,121,597,25,5,497,338,592,621,338,621,5,318,25,318,125 spectrum=10:148,11:671,12:1368,13:1620,14:890,15:299,16:61,17:3
BEST min=10 support=12 run=64 step=3287 moves=258169 evaluations=160656597 ms=22911 seq=1,5,25,125,621,150,121,597,25,5,497,338,592,621,338,621,5,318,25,318,125 spectrum=10:142,11:684,12:1560,13:1170,14:1185,15:293,16:39,17:5
BEST min=10 support=11 run=64 step=3288 moves=258170 evaluations=160657218 ms=22912 seq=1,5,25,125,621,150,121,597,25,5,497,338,125,621,338,621,5,318,25,318,125 spectrum=10:105,11:813,12:1347,13:1285,14:1295,15:126,16:78,17:2
BEST min=10 support=11 run=64 step=3315 moves=258197 evaluations=160673971 ms=22915 seq=1,5,25,125,621,150,438,597,25,5,497,338,125,621,338,621,5,318,25,318,125 spectrum=10:66,11:726,12:1995,13:460,14:1545,15:252,16:36,17:5
BEST min=10 support=11 run=64 step=3316 moves=258198 evaluations=160674591 ms=22915 seq=1,5,25,125,621,150,438,597,25,5,497,338,125,621,338,621,5,438,25,318,125 spectrum=10:66,11:678,12:2106,13:450,14:1440,15:297,16:18,17:6
BEST min=10 support=10 run=64 step=3325 moves=258207 evaluations=160680174 ms=22916 seq=1,5,25,125,621,318,438,597,25,5,497,338,125,621,338,621,5,438,25,318,125 spectrum=10:54,11:117,12:1512,13:330,14:1410,15:480,16:27,17:27
PROGRESS runs=80 min=10 moves=318627 evaluations=198277283 ms=28290
BEST min=10 support=10 run=87 step=3164 moves=349658 evaluations=217583633 ms=31060 seq=1,5,25,125,581,65,581,5,90,190,1,125,581,190,210,541,190,541,5,90,541 spectrum=10:22,11:1940,12:1900,13:930,14:1230,15:63,16:30
BEST min=10 support=11 run=87 step=3171 moves=349665 evaluations=217587978 ms=31061 seq=1,5,25,125,581,65,581,5,90,190,1,125,581,190,210,541,190,541,5,90,601 spectrum=10:12,11:1705,12:1800,13:1200,14:1100,15:63,16:55
BEST min=10 support=12 run=87 step=3183 moves=349677 evaluations=217595437 ms=31063 seq=1,5,25,125,581,65,581,5,90,190,46,125,581,190,210,541,190,541,5,90,601 spectrum=10:12,11:1455,12:1425,13:1400,14:1300,15:63,16:55
PROGRESS runs=100 min=10 moves=398283 evaluations=247844833 ms=35393
PROGRESS runs=120 min=10 moves=477936 evaluations=297412113 ms=42446
PROGRESS runs=140 min=10 moves=557595 evaluations=346978297 ms=49619
PROGRESS runs=160 min=10 moves=637245 evaluations=396545843 ms=56549
PROGRESS runs=180 min=10 moves=716900 evaluations=446118417 ms=63481
PROGRESS runs=200 min=10 moves=796551 evaluations=495684318 ms=70401
FINAL min=10 moves=796551 evaluations=495684318 restarts=200 steps=4000 ms=70401 seq=1,5,25,125,581,65,581,5,90,190,46,125,581,190,210,541,190,541,5,90,601 spectrum=10:12,11:1455,12:1425,13:1400,14:1300,15:63,16:55
