CONFIG N=20 M=14 seed=982451653 restarts=200 steps=4000 weight=8 cap=3 mode=affine domain=125
BEST score=9535901696 bad=1644 support=12 run=0 step=0 moves=0 evaluations=0 ms=1 seq=1,5,25,125,1,5,25,125,1,5,25,125,138,430,270,330,343,178,58,170 spectrum=5:71,10:1573,15:48
BEST score=6448484352 bad=1521 support=12 run=0 step=1 moves=1 evaluations=121 ms=2 seq=1,5,25,125,1,5,25,125,1,5,25,125,138,430,270,330,106,178,58,170 spectrum=5:48,10:1473,15:146
BEST score=6312939520 bad=1196 support=12 run=0 step=2 moves=2 evaluations=242 ms=3 seq=1,5,25,125,1,5,25,125,1,5,25,125,158,430,270,330,106,178,58,170 spectrum=5:47,10:1149,15:173
BEST score=3763126272 bad=1256 support=12 run=0 step=3 moves=3 evaluations=364 ms=4 seq=1,5,25,125,1,5,25,125,1,5,58,125,158,430,270,330,106,178,58,170 spectrum=5:28,10:1228,15:206
BEST score=2958700544 bad=1465 support=12 run=0 step=4 moves=4 evaluations=487 ms=5 seq=1,5,25,125,1,5,25,58,1,5,58,125,158,430,270,330,106,178,58,170 spectrum=5:22,10:1443,15:187
BEST score=2824884224 bad=1562 support=12 run=0 step=5 moves=5 evaluations=609 ms=5 seq=1,5,25,125,1,5,25,58,1,5,58,158,158,430,270,330,106,178,58,170 spectrum=5:21,10:1541,15:121
BEST score=2020372480 bad=1750 support=11 run=0 step=6 moves=6 evaluations=731 ms=5 seq=1,5,25,125,1,5,25,58,1,5,58,158,158,430,270,330,158,178,58,170 spectrum=5:15,10:1735,15:156
BEST score=1617956864 bad=1805 support=12 run=0 step=9 moves=9 evaluations=1096 ms=5 seq=1,5,25,125,1,5,530,58,1,5,58,158,158,430,270,330,158,178,58,170 spectrum=5:12,10:1793,15:97
BEST score=812924928 bad=1866 support=12 run=0 step=10 moves=10 evaluations=1217 ms=6 seq=1,5,25,125,1,5,530,58,1,5,58,158,158,430,270,330,158,178,58,102 spectrum=5:6,10:1860,15:75
BEST score=410705920 bad=1969 support=12 run=0 step=23 moves=23 evaluations=2812 ms=6 seq=1,5,25,125,430,5,530,583,1,5,58,158,158,58,270,530,158,178,125,102 spectrum=5:3,10:1966,15:74
BEST score=410288128 bad=1867 support=11 run=0 step=27 moves=27 evaluations=3304 ms=7 seq=1,5,25,125,430,5,25,58,1,5,58,158,158,58,270,530,158,178,125,102 spectrum=5:3,10:1864,15:3,20:1
BEST score=7008256 bad=1711 support=12 run=0 step=34 moves=34 evaluations=4167 ms=7 seq=1,5,25,125,430,5,5,58,1,583,58,158,158,530,226,530,158,178,125,102 spectrum=10:1711,15:167
BEST score=6836224 bad=1669 support=12 run=0 step=37 moves=37 evaluations=4537 ms=7 seq=1,5,25,125,430,5,5,58,1,583,58,158,158,530,226,530,158,326,125,102 spectrum=10:1669,15:155
BEST score=6819840 bad=1665 support=14 run=0 step=44 moves=44 evaluations=5404 ms=8 seq=1,5,25,125,430,230,5,58,579,583,58,158,158,530,226,530,158,326,1,102 spectrum=10:1665,15:141
BEST score=6615040 bad=1615 support=13 run=0 step=49 moves=49 evaluations=6028 ms=8 seq=1,5,25,125,430,230,5,58,579,58,58,158,158,530,226,530,158,326,1,102 spectrum=10:1615,15:131
BEST score=6303744 bad=1539 support=10 run=0 step=75 moves=75 evaluations=9244 ms=9 seq=1,5,25,125,530,5,5,58,54,58,58,158,158,530,326,530,158,326,502,125 spectrum=10:1539,15:135
BEST score=6041600 bad=1475 support=11 run=0 step=106 moves=106 evaluations=13055 ms=10 seq=1,5,25,125,530,5,5,58,125,58,583,258,158,530,154,530,158,78,78,125 spectrum=10:1475,15:106
BEST score=4997120 bad=1220 support=12 run=0 step=126 moves=126 evaluations=15516 ms=11 seq=1,5,25,125,530,5,230,58,178,58,583,258,158,530,1,530,158,78,78,125 spectrum=10:1220,15:146
BEST score=4939776 bad=1206 support=13 run=0 step=128 moves=128 evaluations=15765 ms=11 seq=1,5,25,125,530,5,230,58,178,58,583,258,158,530,226,530,158,78,78,125 spectrum=10:1206,15:187
BEST score=4919296 bad=1201 support=12 run=0 step=137 moves=137 evaluations=16882 ms=12 seq=1,5,25,125,530,5,230,58,178,58,583,258,158,530,178,530,158,78,1,125 spectrum=10:1201,15:187
BEST score=4886528 bad=1193 support=11 run=0 step=141 moves=141 evaluations=17375 ms=12 seq=1,5,25,125,530,5,230,58,178,58,583,258,158,530,1,530,158,125,1,178 spectrum=10:1193,15:179
BEST score=4702208 bad=1148 support=11 run=0 step=151 moves=151 evaluations=18615 ms=12 seq=1,5,25,125,530,5,230,58,178,58,58,258,158,530,78,530,158,125,1,1 spectrum=10:1148,15:199
BEST score=3846144 bad=939 support=10 run=0 step=160 moves=160 evaluations=19719 ms=13 seq=1,5,25,125,530,5,230,58,178,58,58,158,158,530,78,530,158,125,1,1 spectrum=10:939,15:105
BEST score=3813376 bad=931 support=9 run=0 step=167 moves=167 evaluations=20573 ms=14 seq=1,5,25,125,530,5,230,58,178,58,58,158,158,530,178,530,158,125,1,1 spectrum=10:931,15:117
BEST score=3354624 bad=819 support=8 run=0 step=168 moves=168 evaluations=20694 ms=14 seq=1,5,25,125,530,5,5,58,178,58,58,158,158,530,178,530,158,125,1,1 spectrum=10:819,15:75
BEST score=3223552 bad=787 support=9 run=0 step=176 moves=176 evaluations=21660 ms=14 seq=1,5,25,125,530,5,5,146,178,58,58,158,158,530,146,530,158,125,1,1 spectrum=10:787,15:128
BEST score=2895872 bad=707 support=9 run=0 step=178 moves=178 evaluations=21903 ms=15 seq=1,5,25,125,530,5,25,146,178,58,58,158,158,530,146,530,158,125,1,1 spectrum=10:707,15:188
BEST score=2834432 bad=692 support=9 run=0 step=181 moves=181 evaluations=22269 ms=15 seq=1,5,25,125,530,5,25,146,178,58,58,158,158,530,146,530,158,146,1,1 spectrum=10:692,15:283
BEST score=2740224 bad=669 support=9 run=0 step=219 moves=219 evaluations=26905 ms=17 seq=1,5,25,125,530,5,25,146,178,58,58,158,158,530,146,25,158,125,1,1 spectrum=10:669,15:280
BEST score=2187264 bad=534 support=8 run=0 step=222 moves=222 evaluations=27271 ms=17 seq=1,5,25,125,530,5,25,146,58,58,58,158,158,530,146,25,158,125,1,1 spectrum=10:534,15:210
BEST score=1998848 bad=488 support=8 run=0 step=230 moves=230 evaluations=28244 ms=17 seq=1,5,25,125,530,5,25,146,58,58,58,158,158,5,146,125,158,25,1,1 spectrum=10:488,15:234
BEST score=1609728 bad=393 support=9 run=0 step=1634 moves=1627 evaluations=199822 ms=64 seq=1,5,25,125,146,247,563,5,125,563,563,58,125,25,58,247,247,5,302,58 spectrum=10:393,15:414
BEST score=1425408 bad=348 support=10 run=8 step=1864 moves=33691 evaluations=4128574 ms=1092 seq=1,5,25,125,467,326,367,125,347,125,539,25,25,5,367,467,266,367,467,5 spectrum=10:348,15:399
BEST score=1167360 bad=285 support=9 run=8 step=1882 moves=33709 evaluations=4130749 ms=1093 seq=1,5,25,125,467,326,367,125,347,125,347,25,25,5,367,467,266,367,467,5 spectrum=10:285,15:486
BEST score=1105920 bad=270 support=8 run=8 step=1886 moves=33713 evaluations=4131230 ms=1094 seq=1,5,25,125,467,326,367,347,347,125,347,25,25,5,367,467,125,367,467,5 spectrum=10:270,15:216
PROGRESS runs=10 best=1105920 moves=39795 evaluations=4875332 ms=1280
PROGRESS runs=20 best=1105920 moves=79582 evaluations=9759206 ms=2506
PROGRESS runs=30 best=1105920 moves=119373 evaluations=14638803 ms=3737
PROGRESS runs=40 best=1105920 moves=159171 evaluations=19517905 ms=4978
PROGRESS runs=50 best=1105920 moves=198950 evaluations=24391293 ms=6216
PROGRESS runs=60 best=1105920 moves=238740 evaluations=29271130 ms=7450
PROGRESS runs=70 best=1105920 moves=278525 evaluations=34137435 ms=8678
PROGRESS runs=80 best=1105920 moves=318330 evaluations=39013691 ms=9922
PROGRESS runs=90 best=1105920 moves=358123 evaluations=43889304 ms=11172
PROGRESS runs=100 best=1105920 moves=397913 evaluations=48758694 ms=12405
PROGRESS runs=110 best=1105920 moves=437695 evaluations=53632647 ms=13640
PROGRESS runs=120 best=1105920 moves=477473 evaluations=58500760 ms=14868
PROGRESS runs=130 best=1105920 moves=517271 evaluations=63383807 ms=16121
PROGRESS runs=140 best=1105920 moves=557057 evaluations=68263512 ms=17360
PROGRESS runs=150 best=1105920 moves=596844 evaluations=73137797 ms=18608
PROGRESS runs=160 best=1105920 moves=636641 evaluations=78013626 ms=19856
PROGRESS runs=170 best=1105920 moves=676439 evaluations=82897255 ms=21127
PROGRESS runs=180 best=1105920 moves=716239 evaluations=87775799 ms=22378
PROGRESS runs=190 best=1105920 moves=756024 evaluations=92653690 ms=23628
PROGRESS runs=200 best=1105920 moves=795809 evaluations=97527357 ms=24876
FINAL score=1105920 bad=270 moves=795809 evaluations=97527357 restarts=200 steps=4000 ms=24876 seq=1,5,25,125,467,326,367,347,347,125,347,25,25,5,367,467,125,367,467,5 spectrum=10:270,15:216
