\BOOKMARK [0][-]{part*.1}{\376\377\173\054\116\000\220\350\122\006\377\032\176\257\116\055\145\207\220\032\117\327\162\110}{}% 1
\BOOKMARK [1][-]{section.1}{\376\377\140\016\116\110\213\373\040\034\133\214\142\020\136\246\040\035\124\214\040\034\147\000\124\016\200\375\213\301\121\372\147\145\166\204\151\202\163\207\040\035}{part*.1}% 2
\BOOKMARK [1][-]{section.2}{\376\377\000Z\000h\000a\000o\000\040\217\331\150\365\150\021\377\032\124\352\116\233\135\362\176\317\176\323\147\137\377\014\124\352\116\233\146\057\124\016\147\145\142\275\121\372\147\145\166\204\145\260\225\356\230\230}{part*.1}% 3
\BOOKMARK [2][-]{subsection.2.1}{\376\377\123\237\213\272\145\207\221\314\166\204\121\340\116\052\163\034\140\363\136\166\116\015\146\057\124\014\116\000\116\366\116\213}{section.2}% 4
\BOOKMARK [2][-]{subsection.2.2}{\376\377\000C\0005\0004\000\040\135\362\176\317\167\037\153\143\225\355\124\010}{section.2}% 5
\BOOKMARK [2][-]{subsection.2.3}{\376\377\116\000\202\054\000\040\000C\000p\0004\000\040\163\260\127\050\123\352\122\151\116\044\116\052\172\357\160\271}{section.2}% 6
\BOOKMARK [2][-]{subsection.2.4}{\376\377\000A\000p\377\032\153\324\116\073\122\006\145\057\000\040\000R\000E\000A\000D\000M\000E\000\040\167\013\116\012\123\273\146\364\227\140\122\115}{section.2}% 7
\BOOKMARK [2][-]{subsection.2.5}{\376\377\000B\000p\377\032\167\037\153\143\166\204\140\073\230\230\230\316\226\151\160\271}{section.2}% 8
\BOOKMARK [1][-]{section.3}{\376\377\000G\000a\000o\000\040\217\331\150\365\150\021\377\032\167\037\153\143\135\362\176\317\213\301\146\016\116\206\116\300\116\110}{part*.1}% 9
\BOOKMARK [2][-]{subsection.3.1}{\376\377\147\000\221\315\211\201\166\204\153\143\227\142\176\323\147\234\135\362\176\317\116\015\146\057\120\031\220\011\377\032\131\107\000\040\000p\000\040\177\244\150\070\121\154\137\017\135\362\137\142\137\017\123\026}{section.3}% 10
\BOOKMARK [2][-]{subsection.3.2}{\376\377\116\000\202\054\147\103\221\315\133\232\164\006\377\032\146\057\137\142\137\017\123\026\122\151\117\131\377\014\116\015\146\057\000\040\000G\000a\000o\000\040\116\073\133\232\164\006\122\151\117\131}{section.3}% 11
\BOOKMARK [1][-]{section.4}{\376\377\000G\000a\000o\000\040\166\204\167\037\153\143\147\052\211\343\145\271\124\021\116\113\116\000\377\032\155\367\124\010\175\040\145\160\166\204\131\107\226\066\150\070}{part*.1}% 12
\BOOKMARK [2][-]{subsection.4.1}{\376\377\000O\000A\000-\000P\000M\000\040\146\057\116\000\116\052\150\070\137\303\116\055\225\364\225\356\230\230\377\014\117\106\116\015\146\057\125\057\116\000\220\123\215\357}{section.4}% 13
\BOOKMARK [2][-]{subsection.4.2}{\376\377\155\367\124\010\175\040\145\160\150\070\166\204\000\040\000G\000a\000o\000\040\121\154\137\017\123\357\200\375\153\324\000\040\000O\000A\000-\000P\000M\000\040\147\054\216\253\146\364\133\271\146\023}{section.4}% 14
\BOOKMARK [1][-]{section.5}{\376\377\000C\0008\377\032\134\100\220\350\142\020\147\234\137\210\131\032\377\014\117\106\140\073\230\230\116\315\161\066\147\000\124\003\143\245\123\343}{part*.1}% 15
\BOOKMARK [2][-]{subsection.5.1}{\376\377\135\362\176\317\167\037\153\143\121\163\225\355\166\204\162\354\172\313\133\120\122\006\145\057}{section.5}% 16
\BOOKMARK [2][-]{subsection.5.2}{\376\377\000N\0008\000\040\123\310\142\306\121\372\116\206\121\340\147\141\162\354\172\313\225\356\230\230}{section.5}% 17
\BOOKMARK [2][-]{subsection.5.3}{\376\377\0008\000\040\147\010\000\040\0003\0000\000\040\145\345\166\204\000\040\000D\0002\040\023\000D\0005\000\040\137\123\122\115\220\375\120\134\127\050\174\276\170\156\123\141\160\271}{section.5}% 18
\BOOKMARK [1][-]{section.6}{\376\377\123\346\116\000\116\052\123\206\123\362\116\012\137\122\127\050\000\040\000G\000a\000o\000\040\150\143\150\110\116\055\166\204\162\354\172\313\225\356\230\230\377\032\230\235\131\026\162\171\153\212\177\244\166\204\000\040\000D\000a\000v\000e\000n\000p\000o\000r\000t\000\040\136\070\145\160}{part*.1}% 19
\BOOKMARK [1][-]{section.7}{\376\377\131\202\147\234\163\260\127\050\221\315\145\260\122\006\221\115\170\024\172\166\215\104\156\220\377\014\142\021\117\032\140\016\116\110\143\222}{part*.1}% 20
\BOOKMARK [1][-]{section.8}{\376\377\147\054\142\245\124\112\133\236\226\105\147\345\116\206\124\352\116\233\117\115\177\156}{part*.1}% 21
\BOOKMARK [0][-]{part*.2}{\376\377\000P\000a\000r\000t\000\040\000I\000I\000:\000\040\000E\000n\000g\000l\000i\000s\000h\000\040\000t\000e\000c\000h\000n\000i\000c\000a\000l\000\040\000a\000p\000p\000e\000n\000d\000i\000x}{}% 22
\BOOKMARK [1][-]{section.9}{\376\377\000S\000c\000o\000p\000e\000,\000\040\000e\000v\000i\000d\000e\000n\000c\000e\000\040\000h\000i\000e\000r\000a\000r\000c\000h\000y\000,\000\040\000a\000n\000d\000\040\000p\000r\000o\000b\000a\000b\000i\000l\000i\000t\000y\000\040\000c\000o\000n\000v\000e\000n\000t\000i\000o\000n}{part*.2}% 23
\BOOKMARK [1][-]{section.10}{\376\377\000Z\000h\000a\000o\000\040\000p\000o\000r\000t\000f\000o\000l\000i\000o}{part*.2}% 24
\BOOKMARK [2][-]{subsection.10.1}{\376\377\000D\000i\000s\000p\000r\000o\000v\000e\000d\000\040\000s\000o\000u\000r\000c\000e\000\040\000c\000o\000n\000j\000e\000c\000t\000u\000r\000e\000s\000\040\000a\000n\000d\000\040\000e\000x\000a\000c\000t\000\040\000f\000i\000n\000i\000t\000e\000\040\000c\000o\000n\000s\000e\000q\000u\000e\000n\000c\000e\000s}{section.10}% 25
\BOOKMARK [2][-]{subsection.10.2}{\376\377\000T\000h\000e\000\040\000s\000o\000l\000v\000e\000d\000\040\000C\0005\0004\000\040\000e\000n\000d\000p\000o\000i\000n\000t}{section.10}% 26
\BOOKMARK [2][-]{subsection.10.3}{\376\377\000G\000e\000n\000e\000r\000a\000l\000\040\000p\000r\000i\000m\000e\000\040\000r\000e\000d\000u\000c\000t\000i\000o\000n}{section.10}% 27
\BOOKMARK [2][-]{subsection.10.4}{\376\377\000C\000u\000r\000r\000e\000n\000t\000\040\000A\000p\000\040\000f\000r\000o\000n\000t\000i\000e\000r\000,\000\040\000i\000n\000c\000l\000u\000d\000i\000n\000g\000\040\000t\000h\000e\000\040\000n\000o\000n\000-\000P\000R\000\040\000b\000r\000a\000n\000c\000h}{section.10}% 28
\BOOKMARK [2][-]{subsection.10.5}{\376\377\000C\000u\000r\000r\000e\000n\000t\000\040\000B\000p\000\040\000f\000r\000o\000n\000t\000i\000e\000r}{section.10}% 29
\BOOKMARK [1][-]{section.11}{\376\377\000G\000a\000o\000:\000\040\000s\000o\000l\000v\000e\000d\000\040\000o\000d\000d\000-\000p\000r\000i\000m\000a\000r\000y\000\040\000g\000e\000n\000e\000r\000a\000l\000i\000z\000e\000d\000\040\000d\000i\000h\000e\000d\000r\000a\000l\000\040\000t\000h\000e\000o\000r\000e\000m}{part*.2}% 30
\BOOKMARK [1][-]{section.12}{\376\377\000G\000e\000n\000e\000r\000a\000l\000-\000w\000e\000i\000g\000h\000t\000\040\000G\000M\000O\000\040\000f\000o\000r\000m\000a\000l\000i\000z\000a\000t\000i\000o\000n\000\040\000b\000o\000u\000n\000d\000a\000r\000y}{part*.2}% 31
\BOOKMARK [1][-]{section.13}{\376\377\000M\000i\000x\000e\000d\000-\000p\000r\000i\000m\000e\000\040\000o\000d\000d\000\040\000k\000e\000r\000n\000e\000l\000s\000:\000\040\000O\000A\000-\000P\000M\000\040\000a\000n\000d\000\040\000O\000A\000-\000G\000A\000O}{part*.2}% 32
\BOOKMARK [2][-]{subsection.13.1}{\376\377\000O\000A\000-\000P\000M}{section.13}% 33
\BOOKMARK [2][-]{subsection.13.2}{\376\377\000O\000A\000-\000G\000A\000O\000\040\000w\000i\000t\000h\000o\000u\000t\000\040\000a\000s\000s\000u\000m\000i\000n\000g\000\040\000O\000A\000-\000P\000M}{section.13}% 34
\BOOKMARK [1][-]{section.14}{\376\377\000C\0008\000\040\000p\000o\000r\000t\000f\000o\000l\000i\000o}{part*.2}% 35
\BOOKMARK [2][-]{subsection.14.1}{\376\377\000C\000l\000o\000s\000e\000d\000\040\000o\000r\000\040\000s\000h\000a\000r\000p\000l\000y\000\040\000a\000d\000v\000a\000n\000c\000e\000d\000\040\000s\000u\000b\000b\000r\000a\000n\000c\000h\000e\000s}{section.14}% 36
\BOOKMARK [2][-]{subsection.14.2}{\376\377\000I\000n\000d\000e\000p\000e\000n\000d\000e\000n\000t\000\040\000N\0008\000-\000d\000e\000r\000i\000v\000e\000d\000\040\000p\000r\000o\000b\000l\000e\000m\000s}{section.14}% 37
\BOOKMARK [2][-]{subsection.14.3}{\376\377\000D\0002\040\023\000D\0005\000\040\000g\000e\000n\000e\000r\000a\000t\000i\000o\000n\000-\0005\000\040\123\141\160\271\000s}{section.14}% 38
\BOOKMARK [1][-]{section.15}{\376\377\000E\000x\000t\000r\000a\000s\000p\000e\000c\000i\000a\000l\000\040\000D\000a\000v\000e\000n\000p\000o\000r\000t\000\040\000/\000\040\000s\000y\000m\000p\000l\000e\000c\000t\000i\000c\000\040\000l\000i\000n\000e}{part*.2}% 39
\BOOKMARK [1][-]{section.16}{\376\377\000C\000o\000n\000s\000o\000l\000i\000d\000a\000t\000e\000d\000\040\000t\000e\000c\000h\000n\000i\000c\000a\000l\000\040\000s\000t\000a\000t\000u\000s\000\040\000t\000a\000b\000l\000e}{part*.2}% 40
\BOOKMARK [1][-]{section.17}{\376\377\000R\000e\000p\000o\000s\000i\000t\000o\000r\000y\000\040\000a\000n\000d\000\040\000b\000r\000a\000n\000c\000h\000\040\000m\000a\000p}{part*.2}% 41
\BOOKMARK [1][-]{section.18}{\376\377\000F\000i\000n\000a\000l\000\040\000c\000a\000u\000t\000i\000o\000n}{part*.2}% 42
