{
  "provenance": {
    "repository": "randomcat4/zhao",
    "commit": "9d33328880a13609f047905af14e530172b42ae3",
    "path": "research/2026-09-05_zhao_completion/pro_round1/01_squarefree.md"
  },
  "formal_15_blocks": {
    "vectors": [
      [
        4,
        0,
        1,
        0
      ],
      [
        2,
        4,
        2,
        4
      ],
      [
        2,
        4,
        4,
        0
      ],
      [
        3,
        1,
        0,
        2
      ],
      [
        1,
        3,
        0,
        0
      ],
      [
        4,
        1,
        4,
        4
      ],
      [
        2,
        0,
        0,
        3
      ],
      [
        2,
        0,
        2,
        4
      ],
      [
        3,
        2,
        3,
        1
      ],
      [
        1,
        4,
        3,
        4
      ],
      [
        4,
        4,
        2,
        1
      ],
      [
        3,
        1,
        2,
        1
      ],
      [
        1,
        4,
        2,
        4
      ],
      [
        0,
        4,
        2,
        0
      ],
      [
        1,
        1,
        1,
        1
      ],
      [
        0,
        2,
        0,
        0
      ],
      [
        2,
        4,
        1,
        1
      ],
      [
        4,
        4,
        2,
        3
      ],
      [
        4,
        3,
        2,
        3
      ],
      [
        3,
        0,
        3,
        2
      ],
      [
        4,
        0,
        2,
        1
      ]
    ],
    "blocks": [
      [
        0,
        4,
        6,
        7,
        13,
        16,
        20
      ],
      [
        0,
        1,
        7,
        8,
        14,
        17,
        20
      ],
      [
        1,
        2,
        8,
        9,
        10,
        18,
        20
      ],
      [
        2,
        3,
        5,
        9,
        11,
        19,
        20
      ],
      [
        3,
        4,
        5,
        6,
        12,
        15,
        20
      ],
      [
        0,
        3,
        7,
        12,
        14,
        15,
        18
      ],
      [
        1,
        4,
        8,
        10,
        13,
        16,
        19
      ],
      [
        0,
        2,
        9,
        11,
        14,
        15,
        17
      ],
      [
        1,
        3,
        5,
        10,
        12,
        16,
        18
      ],
      [
        2,
        4,
        6,
        11,
        13,
        17,
        19
      ],
      [
        4,
        6,
        8,
        10,
        14,
        15,
        17
      ],
      [
        0,
        7,
        9,
        10,
        11,
        16,
        18
      ],
      [
        1,
        5,
        8,
        11,
        12,
        17,
        19
      ],
      [
        2,
        6,
        9,
        12,
        13,
        15,
        18
      ],
      [
        3,
        5,
        7,
        13,
        14,
        16,
        19
      ]
    ],
    "intersection_counts": {
      "3": 45,
      "1": 25,
      "2": 25,
      "0": 10
    },
    "sum": [
      0,
      1,
      3,
      4
    ],
    "complete_C7_size": 238,
    "short_zero_positions": [
      0,
      7,
      20
    ],
    "all_zero_counts": [
      1,
      0,
      0,
      4,
      17,
      34,
      89,
      236,
      332,
      450,
      637,
      641,
      454,
      328,
      238,
      94,
      32,
      18,
      5,
      0,
      0,
      0
    ],
    "subset_denominator_per_algorithm": 2097152,
    "algorithms_agree": true
  },
  "fourteen_atom": {
    "vectors": [
      [
        1,
        3,
        2,
        4
      ],
      [
        2,
        3,
        0,
        1
      ],
      [
        0,
        1,
        0,
        1
      ],
      [
        1,
        1,
        3,
        3
      ],
      [
        4,
        4,
        3,
        3
      ],
      [
        2,
        1,
        4,
        0
      ],
      [
        4,
        4,
        3,
        0
      ],
      [
        4,
        0,
        3,
        1
      ],
      [
        4,
        1,
        3,
        2
      ],
      [
        4,
        3,
        3,
        2
      ],
      [
        3,
        3,
        0,
        0
      ],
      [
        3,
        3,
        1,
        3
      ],
      [
        2,
        4,
        4,
        1
      ],
      [
        1,
        4,
        1,
        4
      ]
    ],
    "holes": [
      42,
      64,
      91,
      113,
      129,
      178,
      247,
      280,
      312,
      468,
      495,
      501,
      533,
      577
    ],
    "all_zero_counts": [
      1,
      0,
      0,
      0,
      0,
      0,
      0,
      0,
      0,
      0,
      0,
      0,
      0,
      0,
      1
    ],
    "subset_denominator_per_algorithm": 16384,
    "algorithms_agree": true,
    "outside_pair_denominator": 91,
    "outside_pairs_checked": [
      {
        "outside_codes": [
          42,
          64
        ],
        "atom_positions": [
          0,
          6
        ],
        "zero_sum_length": 4
      },
      {
        "outside_codes": [
          42,
          91
        ],
        "atom_positions": [
          2,
          8,
          13
        ],
        "zero_sum_length": 5
      },
      {
        "outside_codes": [
          42,
          113
        ],
        "atom_positions": [],
        "zero_sum_length": 2
      },
      {
        "outside_codes": [
          42,
          129
        ],
        "atom_positions": [
          4,
          8,
          13
        ],
        "zero_sum_length": 5
      },
      {
        "outside_codes": [
          42,
          178
        ],
        "atom_positions": [
          0,
          2,
          10
        ],
        "zero_sum_length": 5
      },
      {
        "outside_codes": [
          42,
          247
        ],
        "atom_positions": [
          7
        ],
        "zero_sum_length": 3
      },
      {
        "outside_codes": [
          42,
          280
        ],
        "atom_positions": [
          11
        ],
        "zero_sum_length": 3
      },
      {
        "outside_codes": [
          42,
          312
        ],
        "atom_positions": [
          0,
          8,
          10
        ],
        "zero_sum_length": 5
      },
      {
        "outside_codes": [
          42,
          468
        ],
        "atom_positions": [
          5
        ],
        "zero_sum_length": 3
      },
      {
        "outside_codes": [
          42,
          495
        ],
        "atom_positions": [
          2,
          8,
          10
        ],
        "zero_sum_length": 5
      },
      {
        "outside_codes": [
          42,
          501
        ],
        "atom_positions": [
          5,
          9
        ],
        "zero_sum_length": 4
      },
      {
        "outside_codes": [
          42,
          533
        ],
        "atom_positions": [
          4,
          8,
          10
        ],
        "zero_sum_length": 5
      },
      {
        "outside_codes": [
          42,
          577
        ],
        "atom_positions": [
          5,
          7
        ],
        "zero_sum_length": 4
      },
      {
        "outside_codes": [
          64,
          91
        ],
        "atom_positions": [],
        "zero_sum_length": 2
      },
      {
        "outside_codes": [
          64,
          113
        ],
        "atom_positions": [
          1,
          2,
          5,
          7,
          8,
          11
        ],
        "zero_sum_length": 8
      },
      {
        "outside_codes": [
          64,
          129
        ],
        "atom_positions": [
          9
        ],
        "zero_sum_length": 3
      },
      {
        "outside_codes": [
          64,
          178
        ],
        "atom_positions": [
          5,
          6,
          7,
          8
        ],
        "zero_sum_length": 6
      },
      {
        "outside_codes": [
          64,
          247
        ],
        "atom_positions": [
          2,
          3,
          4,
          9
        ],
        "zero_sum_length": 6
      },
      {
        "outside_codes": [
          64,
          280
        ],
        "atom_positions": [
          0,
          1,
          2
        ],
        "zero_sum_length": 5
      },
      {
        "outside_codes": [
          64,
          312
        ],
        "atom_positions": [
          5,
          6,
          7,
          8,
          9,
          11,
          12
        ],
        "zero_sum_length": 9
      },
      {
        "outside_codes": [
          64,
          468
        ],
        "atom_positions": [
          0,
          2,
          3
        ],
        "zero_sum_length": 5
      },
      {
        "outside_codes": [
          64,
          495
        ],
        "atom_positions": [
          12
        ],
        "zero_sum_length": 3
      },
      {
        "outside_codes": [
          64,
          501
        ],
        "atom_positions": [
          0,
          3,
          4
        ],
        "zero_sum_length": 5
      },
      {
        "outside_codes": [
          64,
          533
        ],
        "atom_positions": [
          9,
          12
        ],
        "zero_sum_length": 4
      },
      {
        "outside_codes": [
          64,
          577
        ],
        "atom_positions": [
          0,
          3,
          8
        ],
        "zero_sum_length": 5
      },
      {
        "outside_codes": [
          91,
          113
        ],
        "atom_positions": [
          6,
          7,
          8,
          11
        ],
        "zero_sum_length": 6
      },
      {
        "outside_codes": [
          91,
          129
        ],
        "atom_positions": [
          0,
          2,
          10
        ],
        "zero_sum_length": 5
      },
      {
        "outside_codes": [
          91,
          178
        ],
        "atom_positions": [
          2,
          5,
          7,
          8,
          11,
          13
        ],
        "zero_sum_length": 8
      },
      {
        "outside_codes": [
          91,
          247
        ],
        "atom_positions": [
          9
        ],
        "zero_sum_length": 3
      },
      {
        "outside_codes": [
          91,
          280
        ],
        "atom_positions": [
          5,
          6,
          7,
          8,
          9,
          11,
          12
        ],
        "zero_sum_length": 9
      },
      {
        "outside_codes": [
          91,
          312
        ],
        "atom_positions": [
          0,
          4,
          10
        ],
        "zero_sum_length": 5
      },
      {
        "outside_codes": [
          91,
          468
        ],
        "atom_positions": [
          12
        ],
        "zero_sum_length": 3
      },
      {
        "outside_codes": [
          91,
          495
        ],
        "atom_positions": [
          2,
          4,
          10
        ],
        "zero_sum_length": 5
      },
      {
        "outside_codes": [
          91,
          501
        ],
        "atom_positions": [
          9,
          12
        ],
        "zero_sum_length": 4
      },
      {
        "outside_codes": [
          91,
          533
        ],
        "atom_positions": [
          0,
          4,
          13
        ],
        "zero_sum_length": 5
      },
      {
        "outside_codes": [
          91,
          577
        ],
        "atom_positions": [
          5,
          9
        ],
        "zero_sum_length": 4
      },
      {
        "outside_codes": [
          113,
          129
        ],
        "atom_positions": [
          5,
          6,
          7,
          8
        ],
        "zero_sum_length": 6
      },
      {
        "outside_codes": [
          113,
          178
        ],
        "atom_positions": [
          5,
          7,
          11
        ],
        "zero_sum_length": 5
      },
      {
        "outside_codes": [
          113,
          247
        ],
        "atom_positions": [
          2,
          3,
          5,
          7,
          8,
          11
        ],
        "zero_sum_length": 8
      },
      {
        "outside_codes": [
          113,
          280
        ],
        "atom_positions": [
          3,
          4,
          5,
          7,
          8,
          11
        ],
        "zero_sum_length": 8
      },
      {
        "outside_codes": [
          113,
          312
        ],
        "atom_positions": [
          5,
          6,
          8,
          11
        ],
        "zero_sum_length": 6
      },
      {
        "outside_codes": [
          113,
          468
        ],
        "atom_positions": [
          0,
          1,
          2,
          5,
          6,
          7,
          8
        ],
        "zero_sum_length": 9
      },
      {
        "outside_codes": [
          113,
          495
        ],
        "atom_positions": [
          5,
          6,
          8,
          9,
          11
        ],
        "zero_sum_length": 7
      },
      {
        "outside_codes": [
          113,
          501
        ],
        "atom_positions": [
          0,
          1,
          5,
          7,
          8,
          11
        ],
        "zero_sum_length": 8
      },
      {
        "outside_codes": [
          113,
          533
        ],
        "atom_positions": [
          5,
          6,
          7,
          8,
          12
        ],
        "zero_sum_length": 7
      },
      {
        "outside_codes": [
          113,
          577
        ],
        "atom_positions": [
          0,
          3,
          4
        ],
        "zero_sum_length": 5
      },
      {
        "outside_codes": [
          129,
          178
        ],
        "atom_positions": [
          4,
          5,
          7,
          8,
          11,
          13
        ],
        "zero_sum_length": 8
      },
      {
        "outside_codes": [
          129,
          247
        ],
        "atom_positions": [
          5,
          6,
          7,
          8,
          9,
          11,
          12
        ],
        "zero_sum_length": 9
      },
      {
        "outside_codes": [
          129,
          280
        ],
        "atom_positions": [
          12
        ],
        "zero_sum_length": 3
      },
      {
        "outside_codes": [
          129,
          312
        ],
        "atom_positions": [
          2,
          4,
          10
        ],
        "zero_sum_length": 5
      },
      {
        "outside_codes": [
          129,
          468
        ],
        "atom_positions": [
          9,
          12
        ],
        "zero_sum_length": 4
      },
      {
        "outside_codes": [
          129,
          495
        ],
        "atom_positions": [
          0,
          4,
          13
        ],
        "zero_sum_length": 5
      },
      {
        "outside_codes": [
          129,
          501
        ],
        "atom_positions": [],
        "zero_sum_length": 2
      },
      {
        "outside_codes": [
          129,
          533
        ],
        "atom_positions": [
          2,
          4,
          13
        ],
        "zero_sum_length": 5
      },
      {
        "outside_codes": [
          129,
          577
        ],
        "atom_positions": [
          0,
          6
        ],
        "zero_sum_length": 4
      },
      {
        "outside_codes": [
          178,
          247
        ],
        "atom_positions": [
          5,
          6,
          8,
          11
        ],
        "zero_sum_length": 6
      },
      {
        "outside_codes": [
          178,
          280
        ],
        "atom_positions": [
          5,
          6,
          8,
          9,
          11
        ],
        "zero_sum_length": 7
      },
      {
        "outside_codes": [
          178,
          312
        ],
        "atom_positions": [
          0,
          5,
          7,
          8,
          10,
          11
        ],
        "zero_sum_length": 8
      },
      {
        "outside_codes": [
          178,
          468
        ],
        "atom_positions": [
          5,
          6,
          7,
          8,
          12
        ],
        "zero_sum_length": 7
      },
      {
        "outside_codes": [
          178,
          495
        ],
        "atom_positions": [
          2,
          5,
          7,
          8,
          10,
          11
        ],
        "zero_sum_length": 8
      },
      {
        "outside_codes": [
          178,
          501
        ],
        "atom_positions": [
          6,
          7,
          8,
          11
        ],
        "zero_sum_length": 6
      },
      {
        "outside_codes": [
          178,
          533
        ],
        "atom_positions": [
          4,
          5,
          7,
          8,
          10,
          11
        ],
        "zero_sum_length": 8
      },
      {
        "outside_codes": [
          178,
          577
        ],
        "atom_positions": [],
        "zero_sum_length": 2
      },
      {
        "outside_codes": [
          247,
          280
        ],
        "atom_positions": [
          0,
          2,
          3
        ],
        "zero_sum_length": 5
      },
      {
        "outside_codes": [
          247,
          312
        ],
        "atom_positions": [
          12
        ],
        "zero_sum_length": 3
      },
      {
        "outside_codes": [
          247,
          468
        ],
        "atom_positions": [
          0,
          3,
          4
        ],
        "zero_sum_length": 5
      },
      {
        "outside_codes": [
          247,
          495
        ],
        "atom_positions": [
          9,
          12
        ],
        "zero_sum_length": 4
      },
      {
        "outside_codes": [
          247,
          501
        ],
        "atom_positions": [
          2,
          3,
          4
        ],
        "zero_sum_length": 5
      },
      {
        "outside_codes": [
          247,
          533
        ],
        "atom_positions": [],
        "zero_sum_length": 2
      },
      {
        "outside_codes": [
          247,
          577
        ],
        "atom_positions": [
          1,
          4,
          8
        ],
        "zero_sum_length": 5
      },
      {
        "outside_codes": [
          280,
          312
        ],
        "atom_positions": [
          9,
          12
        ],
        "zero_sum_length": 4
      },
      {
        "outside_codes": [
          280,
          468
        ],
        "atom_positions": [
          2,
          3,
          4
        ],
        "zero_sum_length": 5
      },
      {
        "outside_codes": [
          280,
          495
        ],
        "atom_positions": [],
        "zero_sum_length": 2
      },
      {
        "outside_codes": [
          280,
          501
        ],
        "atom_positions": [
          2,
          3,
          4,
          9
        ],
        "zero_sum_length": 6
      },
      {
        "outside_codes": [
          280,
          533
        ],
        "atom_positions": [
          9
        ],
        "zero_sum_length": 3
      },
      {
        "outside_codes": [
          280,
          577
        ],
        "atom_positions": [
          3,
          4,
          8
        ],
        "zero_sum_length": 5
      },
      {
        "outside_codes": [
          312,
          468
        ],
        "atom_positions": [],
        "zero_sum_length": 2
      },
      {
        "outside_codes": [
          312,
          495
        ],
        "atom_positions": [
          2,
          4,
          13
        ],
        "zero_sum_length": 5
      },
      {
        "outside_codes": [
          312,
          501
        ],
        "atom_positions": [
          9
        ],
        "zero_sum_length": 3
      },
      {
        "outside_codes": [
          312,
          533
        ],
        "atom_positions": [
          0,
          2,
          10
        ],
        "zero_sum_length": 5
      },
      {
        "outside_codes": [
          312,
          577
        ],
        "atom_positions": [
          7
        ],
        "zero_sum_length": 3
      },
      {
        "outside_codes": [
          468,
          495
        ],
        "atom_positions": [
          9
        ],
        "zero_sum_length": 3
      },
      {
        "outside_codes": [
          468,
          501
        ],
        "atom_positions": [
          0,
          1,
          2
        ],
        "zero_sum_length": 5
      },
      {
        "outside_codes": [
          468,
          533
        ],
        "atom_positions": [
          5,
          6,
          7,
          8,
          9,
          11,
          12
        ],
        "zero_sum_length": 9
      },
      {
        "outside_codes": [
          468,
          577
        ],
        "atom_positions": [
          1,
          2,
          4,
          5
        ],
        "zero_sum_length": 6
      },
      {
        "outside_codes": [
          495,
          501
        ],
        "atom_positions": [
          5,
          6,
          7,
          8,
          9,
          11,
          12
        ],
        "zero_sum_length": 9
      },
      {
        "outside_codes": [
          495,
          533
        ],
        "atom_positions": [
          0,
          4,
          10
        ],
        "zero_sum_length": 5
      },
      {
        "outside_codes": [
          495,
          577
        ],
        "atom_positions": [
          11
        ],
        "zero_sum_length": 3
      },
      {
        "outside_codes": [
          501,
          533
        ],
        "atom_positions": [
          12
        ],
        "zero_sum_length": 3
      },
      {
        "outside_codes": [
          501,
          577
        ],
        "atom_positions": [
          0,
          1,
          8
        ],
        "zero_sum_length": 5
      },
      {
        "outside_codes": [
          533,
          577
        ],
        "atom_positions": [
          5
        ],
        "zero_sum_length": 3
      }
    ]
  },
  "exit": "NORMAL"
}
